
; 64tass Turbo Assembler Macro V1.56.2625 listing file
; 64tass -b -Wall -Wno-portable -c -L output/basic.lst -l output/basic.lbl -Wall -q -o basic.rom _basic.asm
; Wed Sep 21 16:31:25 2022

;Offset	;Hex		;Monitor	;Source

;******  Processing input file: _basic.asm


;******  Processing file: ./aa_system/01common.inc

=$30					ZeroPageMandatory = $30
=$600					ZeroPagePreference = $600
=$700					MemoryStorage = $700
=$2000					BasicStart = $2000
=$8010					CodeStart = $8010
=$1000					VariableSpace = $1000
=$2000					EndVariableSpace = $2000
=8					MathStackSize = 8
=512					BasicStackSize = 512

;******  Return to file: _basic.asm


;******  Processing file: ./aa_system/02macros.inc


;******  Return to file: _basic.asm


;******  Processing file: ./aa_system/04data.inc

.0030					codePtr:
>0030							.fill 	4
.0034					basicStack:
>0034							.fill 	2
.0036					zTemp0:
>0036							.fill 	2
.0038					zTemp1:
>0038							.fill 	2
.003a					zTemp2:
>003a							.fill 	2
=$80					NSBIsNegative = $80 						; bit 7 : sign of mantissa (where numeric)
=$20					NSBIsReference = $20 						; bit 5 : is a reference
=$10					NSBIsString = $10 							; bit 4 : set if string (procedures don't go on the stack)
=$18					NSBTypeMask = $18 							; bits 4,3 : 00 int 01 float 10 string 11 procedure
=$03					NSBRefMask = $03 							; bits 0,1 : Bytes of reference, -1 (e.g. 00 = 1 byte, 11 = 4 bytes)
=$00					NSTInteger = $00 							; base types for bits 3..4
=$08					NSTFloat = $08
=$10					NSTString = $10
=$18					NSTProcedure = $18
.0600					NSStatus:
>0600							.fill 	MathStackSize
.0608					NSMantissa0:
>0608							.fill 	MathStackSize 				; (this is my integer mantissa system)
.0610					NSMantissa1:
>0610							.fill 	MathStackSize
.0618					NSMantissa2:
>0618							.fill 	MathStackSize
.0620					NSMantissa3:
>0620							.fill 	MathStackSize
.0628					NSExponent:
>0628							.fill 	MathStackSize
.0700					identStart:
>0700							.fill 	1
.0701					identTypeStart:
>0701							.fill 	1
.0702					identTypeEnd:
>0702							.fill 	1
.0703					identHash:
>0703							.fill 	1
.0704					identTypeByte:
>0704							.fill 	1	 						; (see tokenising.pdf)
.0705					encodeState:
>0705							.fill 	1
.0706					tokenOffset:
>0706							.fill 	1
.0707					tokenLineNumber:
>0707							.fill 	2
.0709					tokenBuffer:
>0709							.fill 	253
.0806					lineBuffer:
>0806							.fill 	256

;******  Return to file: _basic.asm


;******  Processing file: ./expressions/binary/handlers.inc


;******  Return to file: _basic.asm


;******  Processing file: ./generated/errors.inc

=1					ERRID_BREAK = 1
=2					ERRID_SYNTAX = 2
=3					ERRID_DIVZERO = 3
=4					ERRID_RANGE = 4
=5					ERRID_TYPE = 5
=6					ERRID_MEMORY = 6
=7					ERRID_ARGUMENT = 7
=8					ERRID_STOP = 8
=9					ERRID_STRING = 9
=10					ERRID_ASSERT = 10
=11					ERRID_DATA = 11
=12					ERRID_NOTDONE = 12

;******  Return to file: _basic.asm


;******  Processing file: ./generated/kwdconst.inc

=$00					KWD_LESSLESS                         = $00; $00 <<
=$01					KWD_LESSEQUAL                        = $01; $01 <=
=$02					KWD_LESSGREATER                      = $02; $02 <>
=$03					KWD_PLINGPLING3                      = $03; $03 !!3
=$04					KWD_GREATERLESS                      = $04; $04 ><
=$05					KWD_GREATEREQUAL                     = $05; $05 >=
=$06					KWD_GREATERGREATER                   = $06; $06 >>
=$07					KWD_PLINGPLING7                      = $07; $07 !!7
=$08					KWD_PLINGPLING8                      = $08; $08 !!8
=$09					KWD_PLINGPLING9                      = $09; $09 !!9
=$0a					KWD_PLINGPLING10                     = $0a; $0a !!10
=$0b					KWD_PLINGPLING11                     = $0b; $0b !!11
=$0c					KWD_PLINGPLING12                     = $0c; $0c !!12
=$0d					KWD_PLINGPLING13                     = $0d; $0d !!13
=$0e					KWD_PLINGPLING14                     = $0e; $0e !!14
=$0f					KWD_PLINGPLING15                     = $0f; $0f !!15
=$10					KWD_AT                               = $10; $10 @
=$11					KWD_PLINGPLING17                     = $11; $11 !!17
=$12					KWD_PLINGPLING18                     = $12; $12 !!18
=$13					KWD_LSQPAREN                         = $13; $13 [
=$14					KWD_BACKSLASH                        = $14; $14 \
=$15					KWD_RSQPAREN                         = $15; $15 ]
=$16					KWD_HAT                              = $16; $16 ^
=$17					KWD_UNDERSCORE                       = $17; $17 _
=$18					KWD_BQUOTE                           = $18; $18 `
=$19					KWD_PLINGPLING25                     = $19; $19 !!25
=$1a					KWD_PLINGPLING26                     = $1a; $1a !!26
=$1b					KWD_LCURLY                           = $1b; $1b {
=$1c					KWD_BAR                              = $1c; $1c |
=$1d					KWD_RCURLY                           = $1d; $1d }
=$1e					KWD_TILDE                            = $1e; $1e ~
=$21					KWD_PLING                            = $21; $21 !
=$22					KWD_DQUOTE                           = $22; $22 "
=$23					KWD_HASH                             = $23; $23 #
=$24					KWD_DOLLAR                           = $24; $24 $
=$25					KWD_PERCENT                          = $25; $25 %
=$26					KWD_AMPERSAND                        = $26; $26 &
=$27					KWD_QUOTE                            = $27; $27 '
=$28					KWD_LPAREN                           = $28; $28 (
=$29					KWD_RPAREN                           = $29; $29 )
=$2a					KWD_STAR                             = $2a; $2a *
=$2b					KWD_PLUS                             = $2b; $2b +
=$2c					KWD_COMMA                            = $2c; $2c ,
=$2d					KWD_MINUS                            = $2d; $2d -
=$2e					KWD_PERIOD                           = $2e; $2e .
=$2f					KWD_SLASH                            = $2f; $2f /
=$30					KWD_0                                = $30; $30 0
=$31					KWD_1                                = $31; $31 1
=$32					KWD_2                                = $32; $32 2
=$33					KWD_3                                = $33; $33 3
=$34					KWD_4                                = $34; $34 4
=$35					KWD_5                                = $35; $35 5
=$36					KWD_6                                = $36; $36 6
=$37					KWD_7                                = $37; $37 7
=$38					KWD_8                                = $38; $38 8
=$39					KWD_9                                = $39; $39 9
=$3a					KWD_COLON                            = $3a; $3a :
=$3b					KWD_SEMICOLON                        = $3b; $3b ;
=$3c					KWD_LESS                             = $3c; $3c <
=$3d					KWD_EQUAL                            = $3d; $3d =
=$3e					KWD_GREATER                          = $3e; $3e >
=$3f					KWD_QMARK                            = $3f; $3f ?
=$83					KWD_ABSLPAREN                        = $83; $83 ABS(
=$84					KWD_ALLOCLPAREN                      = $84; $84 ALLOC(
=$85					KWD_ASCLPAREN                        = $85; $85 ASC(
=$86					KWD_CHRDOLLARLPAREN                  = $86; $86 CHR$(
=$87					KWD_DECLPAREN                        = $87; $87 DEC(
=$88					KWD_GETDATEDOLLARLPAREN              = $88; $88 GETDATE$(
=$89					KWD_GETTIMEDOLLARLPAREN              = $89; $89 GETTIME$(
=$8a					KWD_HEXDOLLARLPAREN                  = $8a; $8a HEX$(
=$8b					KWD_INTLPAREN                        = $8b; $8b INT(
=$8c					KWD_ISVALLPAREN                      = $8c; $8c ISVAL(
=$8d					KWD_LEFTDOLLARLPAREN                 = $8d; $8d LEFT$(
=$8e					KWD_LENLPAREN                        = $8e; $8e LEN(
=$8f					KWD_MIDDOLLARLPAREN                  = $8f; $8f MID$(
=$90					KWD_NOT                              = $90; $90 NOT
=$91					KWD_PAGE                             = $91; $91 PAGE
=$92					KWD_RIGHTDOLLARLPAREN                = $92; $92 RIGHT$(
=$93					KWD_RNDLPAREN                        = $93; $93 RND(
=$94					KWD_SGNLPAREN                        = $94; $94 SGN(
=$95					KWD_SPCLPAREN                        = $95; $95 SPC(
=$96					KWD_STRDOLLARLPAREN                  = $96; $96 STR$(
=$97					KWD_VALLPAREN                        = $97; $97 VAL(
=$98					KWD_FOR                              = $98; $98 FOR
=$99					KWD_IF                               = $99; $99 IF
=$9a					KWD_PROC                             = $9a; $9a PROC
=$9b					KWD_REPEAT                           = $9b; $9b REPEAT
=$9c					KWD_WHILE                            = $9c; $9c WHILE
=$9d					KWD_ENDIF                            = $9d; $9d ENDIF
=$9e					KWD_ENDPROC                          = $9e; $9e ENDPROC
=$9f					KWD_NEXT                             = $9f; $9f NEXT
=$a0					KWD_UNTIL                            = $a0; $a0 UNTIL
=$a1					KWD_WEND                             = $a1; $a1 WEND
=$a2					KWD_CLS                              = $a2; $a2 CLS
=$a3					KWD_DATA                             = $a3; $a3 DATA
=$a4					KWD_DIM                              = $a4; $a4 DIM
=$a5					KWD_GOSUB                            = $a5; $a5 GOSUB
=$a6					KWD_GOTO                             = $a6; $a6 GOTO
=$a7					KWD_LET                              = $a7; $a7 LET
=$a8					KWD_PRINT                            = $a8; $a8 PRINT
=$a9					KWD_READ                             = $a9; $a9 READ
=$aa					KWD_REM                              = $aa; $aa REM
=$ab					KWD_RETURN                           = $ab; $ab RETURN
=$ac					KWD_THEN                             = $ac; $ac THEN
=$ad					KWD_TO                               = $ad; $ad TO

;******  Return to file: _basic.asm


;******  Processing file: ./generated/kwdconst0.inc

=$80					KWC_EOL = $80
=$ff					KWC_STRING = $FF
=$fe					KWC_HEXCONST = $FE
=$98					KWC_FIRST_STRUCTURE = $98
=$9d					KWC_FIRST_STRUCTURE_DEC = $9d
=$a1					KWC_LAST_STRUCTURE = $a1
=$83					KWC_FIRST_UNARY = $83
=$97					KWC_LAST_UNARY = $97

;******  Return to file: _basic.asm


;******  Processing file: ./memory.flat/access.inc


;******  Return to file: _basic.asm


;******  Processing file: ./aa_system/00start.asm

.8010	a2 ff		ldx #$ff	Start:	ldx 	#$FF 						; stack reset
.8012	9a		txs				txs
.8013	20 2b 81	jsr $812b			jsr 	NewCommand 					; erase current program
.8016	20 35 86	jsr $8635			jsr 	BackloadProgram
.8019	a9 00		lda #$00			lda 	#((BasicStart) & $FF)
.801b	85 30		sta $30				sta 	0+codePtr
.801d	a9 20		lda #$20			lda 	#((BasicStart) >> 8)
.801f	85 31		sta $31				sta 	1+codePtr
.8021	a0 04		ldy #$04			ldy 	#4
.8023	a2 01		ldx #$01			ldx 	#1
.8025	20 15 83	jsr $8315			jsr 	EvaluateExpression
.8028					WarmStart:
>8028	db						.byte 	$DB 						; causes a break in the emulator
.8029	80 fd		bra $8028			bra 	WarmStart
.802b					ErrorHandler:
>802b	db						.byte 	$DB 						; causes a break in the emulator
.802c	4c 2b 80	jmp $802b			jmp 	ErrorHandler

;******  Processing file: ./aa_system/../generated/vectors.dat

.802f					VectorSetPunc:
>802f	35 81					.word	ShiftLeft                        ; $00 <<
>8031	32 8b					.word	SyntaxError                      ; $01 <=
>8033	32 8b					.word	SyntaxError                      ; $02 <>
>8035	32 8b					.word	SyntaxError                      ; $03 !!3
>8037	32 8b					.word	SyntaxError                      ; $04 ><
>8039	32 8b					.word	SyntaxError                      ; $05 >=
>803b	38 81					.word	ShiftRight                       ; $06 >>
>803d	32 8b					.word	SyntaxError                      ; $07 !!7
>803f	32 8b					.word	SyntaxError                      ; $08 !!8
>8041	32 8b					.word	SyntaxError                      ; $09 !!9
>8043	32 8b					.word	SyntaxError                      ; $0a !!10
>8045	32 8b					.word	SyntaxError                      ; $0b !!11
>8047	32 8b					.word	SyntaxError                      ; $0c !!12
>8049	32 8b					.word	SyntaxError                      ; $0d !!13
>804b	32 8b					.word	SyntaxError                      ; $0e !!14
>804d	32 8b					.word	SyntaxError                      ; $0f !!15
>804f	32 8b					.word	SyntaxError                      ; $10 @
>8051	32 8b					.word	SyntaxError                      ; $11 !!17
>8053	32 8b					.word	SyntaxError                      ; $12 !!18
>8055	32 8b					.word	SyntaxError                      ; $13 [
>8057	32 8b					.word	SyntaxError                      ; $14 \
>8059	32 8b					.word	SyntaxError                      ; $15 ]
>805b	91 82					.word	EorInteger                       ; $16 ^
>805d	32 8b					.word	SyntaxError                      ; $17 _
>805f	32 8b					.word	SyntaxError                      ; $18 `
>8061	32 8b					.word	SyntaxError                      ; $19 !!25
>8063	32 8b					.word	SyntaxError                      ; $1a !!26
>8065	32 8b					.word	SyntaxError                      ; $1b {
>8067	4f 82					.word	OraInteger                       ; $1c |
>8069	32 8b					.word	SyntaxError                      ; $1d }
>806b	32 8b					.word	SyntaxError                      ; $1e ~
>806d	32 8b					.word	SyntaxError                      ; $1f [7m<7F>[m
>806f	32 8b					.word	SyntaxError                      ; $20
>8071	32 8b					.word	SyntaxError                      ; $21 !
>8073	32 8b					.word	SyntaxError                      ; $22 "
>8075	32 8b					.word	SyntaxError                      ; $23 #
>8077	32 8b					.word	SyntaxError                      ; $24 $
>8079	32 8b					.word	SyntaxError                      ; $25 %
>807b	0d 82					.word	AndInteger                       ; $26 &
>807d	32 8b					.word	SyntaxError                      ; $27 '
>807f	32 8b					.word	SyntaxError                      ; $28 (
>8081	32 8b					.word	SyntaxError                      ; $29 )
>8083	b5 8a					.word	MulInteger                       ; $2a *
>8085	7f 81					.word	AddInteger                       ; $2b +
>8087	32 8b					.word	SyntaxError                      ; $2c ,
>8089	c6 81					.word	SubInteger                       ; $2d -
>808b	32 8b					.word	SyntaxError                      ; $2e .
>808d	32 8b					.word	SyntaxError                      ; $2f /
>808f	32 8b					.word	SyntaxError                      ; $30 0
>8091	32 8b					.word	SyntaxError                      ; $31 1
>8093	32 8b					.word	SyntaxError                      ; $32 2
>8095	32 8b					.word	SyntaxError                      ; $33 3
>8097	32 8b					.word	SyntaxError                      ; $34 4
>8099	32 8b					.word	SyntaxError                      ; $35 5
>809b	32 8b					.word	SyntaxError                      ; $36 6
>809d	32 8b					.word	SyntaxError                      ; $37 7
>809f	32 8b					.word	SyntaxError                      ; $38 8
>80a1	32 8b					.word	SyntaxError                      ; $39 9
>80a3	32 8b					.word	SyntaxError                      ; $3a :
>80a5	32 8b					.word	SyntaxError                      ; $3b ;
>80a7	32 8b					.word	SyntaxError                      ; $3c <
>80a9	32 8b					.word	SyntaxError                      ; $3d =
>80ab	32 8b					.word	SyntaxError                      ; $3e >
>80ad	32 8b					.word	SyntaxError                      ; $3f ?
.80af					VectorSet0:
>80af	32 8b					.word	SyntaxError                      ; $80 !0:EOF
>80b1	32 8b					.word	SyntaxError                      ; $81 !1:SH1
>80b3	32 8b					.word	SyntaxError                      ; $82 !2:SH2
>80b5	32 8b					.word	SyntaxError                      ; $83 ABS(
>80b7	32 8b					.word	SyntaxError                      ; $84 ALLOC(
>80b9	32 8b					.word	SyntaxError                      ; $85 ASC(
>80bb	32 8b					.word	SyntaxError                      ; $86 CHR$(
>80bd	32 8b					.word	SyntaxError                      ; $87 DEC(
>80bf	32 8b					.word	SyntaxError                      ; $88 GETDATE$(
>80c1	32 8b					.word	SyntaxError                      ; $89 GETTIME$(
>80c3	32 8b					.word	SyntaxError                      ; $8a HEX$(
>80c5	32 8b					.word	SyntaxError                      ; $8b INT(
>80c7	32 8b					.word	SyntaxError                      ; $8c ISVAL(
>80c9	32 8b					.word	SyntaxError                      ; $8d LEFT$(
>80cb	32 8b					.word	SyntaxError                      ; $8e LEN(
>80cd	32 8b					.word	SyntaxError                      ; $8f MID$(
>80cf	32 8b					.word	SyntaxError                      ; $90 NOT
>80d1	32 8b					.word	SyntaxError                      ; $91 PAGE
>80d3	32 8b					.word	SyntaxError                      ; $92 RIGHT$(
>80d5	32 8b					.word	SyntaxError                      ; $93 RND(
>80d7	32 8b					.word	SyntaxError                      ; $94 SGN(
>80d9	32 8b					.word	SyntaxError                      ; $95 SPC(
>80db	32 8b					.word	SyntaxError                      ; $96 STR$(
>80dd	32 8b					.word	SyntaxError                      ; $97 VAL(
>80df	32 8b					.word	SyntaxError                      ; $98 FOR
>80e1	32 8b					.word	SyntaxError                      ; $99 IF
>80e3	32 8b					.word	SyntaxError                      ; $9a PROC
>80e5	32 8b					.word	SyntaxError                      ; $9b REPEAT
>80e7	32 8b					.word	SyntaxError                      ; $9c WHILE
>80e9	32 8b					.word	SyntaxError                      ; $9d ENDIF
>80eb	32 8b					.word	SyntaxError                      ; $9e ENDPROC
>80ed	32 8b					.word	SyntaxError                      ; $9f NEXT
>80ef	32 8b					.word	SyntaxError                      ; $a0 UNTIL
>80f1	32 8b					.word	SyntaxError                      ; $a1 WEND
>80f3	32 8b					.word	SyntaxError                      ; $a2 CLS
>80f5	32 8b					.word	SyntaxError                      ; $a3 DATA
>80f7	32 8b					.word	SyntaxError                      ; $a4 DIM
>80f9	32 8b					.word	SyntaxError                      ; $a5 GOSUB
>80fb	32 8b					.word	SyntaxError                      ; $a6 GOTO
>80fd	32 8b					.word	SyntaxError                      ; $a7 LET
>80ff	32 8b					.word	SyntaxError                      ; $a8 PRINT
>8101	32 8b					.word	SyntaxError                      ; $a9 READ
>8103	32 8b					.word	SyntaxError                      ; $aa REM
>8105	32 8b					.word	SyntaxError                      ; $ab RETURN
>8107	32 8b					.word	SyntaxError                      ; $ac THEN
>8109	32 8b					.word	SyntaxError                      ; $ad TO
.810b					VectorSet1:
>810b	32 8b					.word	SyntaxError                      ; $80 !0:EOF
>810d	32 8b					.word	SyntaxError                      ; $81 !1:SH1
>810f	32 8b					.word	SyntaxError                      ; $82 !2:SH2
>8111	32 8b					.word	SyntaxError                      ; $83 ASSERT
>8113	27 81					.word	ClearCommand                     ; $84 CLEAR
>8115	28 81					.word	EndCommand                       ; $85 END
>8117	32 8b					.word	SyntaxError                      ; $86 LIST
>8119	2b 81					.word	NewCommand                       ; $87 NEW
>811b	32 8b					.word	SyntaxError                      ; $88 RESTORE
>811d	32 8b					.word	SyntaxError                      ; $89 RUN
>811f	32 8b					.word	SyntaxError                      ; $8a STOP
.8121					VectorSet2:
>8121	32 8b					.word	SyntaxError                      ; $80 !0:EOF
>8123	32 8b					.word	SyntaxError                      ; $81 !1:SH1
>8125	32 8b					.word	SyntaxError                      ; $82 !2:SH2

;******  Return to file: ./aa_system/00start.asm


;******  Return to file: _basic.asm


;******  Processing file: ./commands/clear.asm

.8127					ClearCommand:
.8127	60		rts				rts

;******  Return to file: _basic.asm


;******  Processing file: ./commands/end.asm

.8128					EndCommand:
.8128	4c 28 80	jmp $8028			jmp 	WarmStart

;******  Return to file: _basic.asm


;******  Processing file: ./commands/new.asm

.812b					NewCommand:
.812b	20 e2 85	jsr $85e2			jsr 	MemoryNew
.812e	9c 00 10	stz $1000			stz 	VariableSpace 				; erase all variables.
.8131	20 27 81	jsr $8127			jsr 	ClearCommand 				; clear everything.
.8134	60		rts				rts

;******  Return to file: _basic.asm


;******  Processing file: ./errors/charcheck.asm

.8a9c					CheckRightBracket:
.8a9c	b1 30		lda ($30),y			lda 	(codePtr),y
.8a9e	c8		iny				iny
.8a9f	c9 29		cmp #$29			cmp 	#KWD_RPAREN 						; exit if matches
.8aa1	d0 0f		bne $8ab2			bne 	CNAFail
.8aa3	60		rts				rts
.8aa4					CheckComma:
.8aa4	b1 30		lda ($30),y			lda 	(codePtr),y
.8aa6	c8		iny				iny
.8aa7	c9 2c		cmp #$2c			cmp 	#KWD_COMMA 						; exit if matches
.8aa9	d0 07		bne $8ab2			bne 	CNAFail
.8aab	60		rts				rts
.8aac					CheckNextA:
.8aac	d1 30		cmp ($30),y			cmp 	(codePtr),y
.8aae	d0 02		bne $8ab2			bne 	CNAFail
.8ab0	c8		iny				iny 								; skip character
.8ab1	60		rts				rts 								; and exit
.8ab2					CNAFail:
.8ab2	4c 32 8b	jmp $8b32			jmp 	SyntaxError

;******  Return to file: _basic.asm


;******  Processing file: ./expressions/binary/multiply.asm

.8ab5					MulInteger:
.8ab5	fa		plx				plx
.8ab6	bd 00 06	lda $0600,x			lda 	NSStatus,x 					; OR the type data together
.8ab9	1d 01 06	ora $0601,x			ora 	NSStatus+1,x
.8abc	0a		asl a				asl 	a 							; shift reference bit into sign bit
.8abd	0a		asl a				asl 	a
.8abe	10 05		bpl $8ac5			bpl 	_NotRef
.8ac0	48		pha				pha
.8ac1	20 52 83	jsr $8352			jsr 	DereferenceTopTwo 			; call the dereference code preserving A
.8ac4	68		pla				pla
.8ac5					_NotRef:
.8ac5	0a		asl a				asl 	a 							; put MSB of type into A:7
.8ac6	30 0b		bmi $8ad3			bmi 	_StringData 				; if the original bit 4 was set then do the string code.
.8ac8	bd 28 06	lda $0628,x			lda 	NSExponent,x 				; check if both exponents are zero, e.g. both integers
.8acb	1d 29 06	ora $0629,x			ora 	NSExponent+1,x
.8ace	f0 06		beq $8ad6			beq 	_IntegerCode 				; if clear, then we have two integers
.8ad0	4c 41 8b	jmp $8b41			jmp 	NotDoneError 							; otherwise at least one float.
.8ad3					_StringData:
.8ad3	4c 41 8b	jmp $8b41			jmp 	NotDoneError							; at least one string - don't know both are strings.
.8ad6					_IntegerCode:
.8ad6	20 e3 8a	jsr $8ae3			jsr 	MultiplyShort
.8ad9	c9 00		cmp #$00			cmp 	#0
.8adb	f0 05		beq $8ae2			beq 	_MIExit
.8add	a9 04		lda #$04		lda	#4
.8adf	4c 2b 80	jmp $802b		jmp	ErrorHandler
.8ae2					_MIExit:
.8ae2	60		rts				rts
.8ae3					MultiplyShort:
.8ae3	5a		phy				phy 								; save Y
.8ae4	20 8e 85	jsr $858e			jsr 	NSMShiftUpTwo 				; copy S[X] to S[X+2]
.8ae7	20 b3 85	jsr $85b3			jsr 	NSMSetZero 					; set S[X] to zero
.8aea	a0 00		ldy #$00			ldy 	#0 							; Y is the shift count.
.8aec					_I32MLoop:
.8aec	bd 0a 06	lda $060a,x			lda 	NSMantissa0+2,x 			; check S[X+2] is zero
.8aef	1d 12 06	ora $0612,x			ora 	NSMantissa1+2,x
.8af2	1d 1a 06	ora $061a,x			ora 	NSMantissa2+2,x
.8af5	1d 22 06	ora $0622,x			ora 	NSMantissa3+2,x
.8af8	f0 28		beq $8b22			beq 	_I32MExit 					; exit if zero
.8afa	bd 0a 06	lda $060a,x			lda 	NSMantissa0+2,x 			; check LSB of n1
.8afd	29 01		and #$01			and 	#1
.8aff	f0 0e		beq $8b0f			beq 	_I32MNoAdd
.8b01	20 a0 81	jsr $81a0			jsr 	AddTopTwoStack 				; if so add S[X+1] to S[X+0]
.8b04	bd 20 06	lda $0620,x			lda 	NSMantissa3,x 				; has MantissaA overflowed ?
.8b07	10 06		bpl $8b0f			bpl 	_I32MNoAdd
.8b09					_I32ShiftRight:
.8b09	20 d5 85	jsr $85d5			jsr 	NSMShiftRight 				; shift S[X] right
.8b0c	c8		iny				iny 								; increment shift count
.8b0d	80 0a		bra $8b19			bra 	_I32MShiftUpper 			; n2 is doubled by default.
.8b0f					_I32MNoAdd:
.8b0f	3c 21 06	bit $0621,x			bit 	NSMantissa3+1,x				; if we can't shift S[X+1] left, shift everything right
.8b12	70 f5		bvs $8b09			bvs 	_I32ShiftRight 				; instead.
.8b14	e8		inx				inx
.8b15	20 c8 85	jsr $85c8			jsr 	NSMShiftLeft 				; shift additive S[X+1] left
.8b18	ca		dex				dex
.8b19					_I32MShiftUpper:
.8b19	e8		inx				inx 								; shift S[X+2] right
.8b1a	e8		inx				inx
.8b1b	20 d5 85	jsr $85d5			jsr 	NSMShiftRight
.8b1e	ca		dex				dex
.8b1f	ca		dex				dex
.8b20	80 ca		bra $8aec			bra 	_I32MLoop 					; try again.
.8b22					_I32MExit:
.8b22	bd 00 06	lda $0600,x			lda 	NSStatus,x 					; sign of result is 0 if same, 1 if different.
.8b25	1e 00 06	asl $0600,x			asl 	NSStatus,x 					; shift result left
.8b28	5d 01 06	eor $0601,x			eor 	NSStatus+1,x
.8b2b	0a		asl a				asl 	a 							; shift bit 7 into carry
.8b2c	7e 00 06	ror $0600,x			ror 	NSStatus,x 					; shift right into status byte.
.8b2f	98		tya				tya 								; shift in A
.8b30	7a		ply				ply 								; restore Y and exit
.8b31	60		rts				rts

;******  Return to file: _basic.asm


;******  Processing file: ./expressions/binary/shifts.asm

.8135					ShiftLeft:
.8135	38		sec				sec
.8136	80 01		bra $8139			bra 	ShiftMain
.8138					ShiftRight:
.8138	18		clc				clc
.8139					ShiftMain:
.8139	fa		plx				plx 								; restore X
.813a	08		php				php 								; save direction
.813b	bd 00 06	lda $0600,x			lda 	NSStatus,x 					; OR the type data together
.813e	1d 01 06	ora $0601,x			ora 	NSStatus+1,x
.8141	0a		asl a				asl 	a 							; shift reference bit into sign bit
.8142	0a		asl a				asl 	a
.8143	10 05		bpl $814a			bpl 	_NotRef
.8145	48		pha				pha
.8146	20 52 83	jsr $8352			jsr 	DereferenceTopTwo 			; call the dereference code preserving A
.8149	68		pla				pla
.814a					_NotRef:
.814a	29 c0		and #$c0			and 	#$C0 						; isolate the type bits which have been shifted
.814c	1d 28 06	ora $0628,x			ora 	NSExponent,x 				; check if both exponents are zero, e.g. both integers
.814f	1d 29 06	ora $0629,x			ora 	NSExponent+1,x
.8152	f0 03		beq $8157			beq 	_IntegerCode 				; if clear, then we have two integers
.8154	4c 3c 8b	jmp $8b3c			jmp 	TypeError 					; anything else, type mismatch.
.8157					_IntegerCode:
.8157	bd 09 06	lda $0609,x			lda 	NSMantissa0+1,x 			; check number < 32
.815a	29 e0		and #$e0			and 	#$E0
.815c	1d 11 06	ora $0611,x			ora 	NSMantissa1+1,x
.815f	1d 19 06	ora $0619,x			ora 	NSMantissa2+1,x
.8162	1d 21 06	ora $0621,x			ora 	NSMantissa3+1,x
.8165	d0 13		bne $817a			bne 	_SMExit0 					; if >= 32 it will always return zero.
.8167					_SMLoop:
.8167	de 09 06	dec $0609,x			dec 	NSMantissa0+1,x 			; predecrement, could do << 0
.816a	30 11		bmi $817d			bmi 	_SMExit 					; exit if done.
.816c	28		plp				plp 								; restore direcition setting
.816d	08		php				php
.816e	90 05		bcc $8175			bcc 	_SMRight
.8170	20 c8 85	jsr $85c8			jsr 	NSMShiftLeft 				; shift left if CS
.8173	80 f2		bra $8167			bra 	_SMLoop
.8175					_SMRight:
.8175	20 d5 85	jsr $85d5			jsr 	NSMShiftRight 				; shift right if CC
.8178	80 ed		bra $8167			bra 	_SMLoop
.817a					_SMExit0:
.817a	20 b3 85	jsr $85b3			jsr 	NSMSetZero 					; return zero.
.817d					_SMExit:
.817d	28		plp				plp 								; throw direction
.817e	60		rts				rts

;******  Return to file: _basic.asm


;******  Processing file: ./expressions/binary/simple.asm

.817f					AddInteger:
.817f	fa		plx				plx
.8180	bd 00 06	lda $0600,x			lda 	NSStatus,x 					; OR the type data together
.8183	1d 01 06	ora $0601,x			ora 	NSStatus+1,x
.8186	0a		asl a				asl 	a 							; shift reference bit into sign bit
.8187	0a		asl a				asl 	a
.8188	10 05		bpl $818f			bpl 	_NotRef
.818a	48		pha				pha
.818b	20 52 83	jsr $8352			jsr 	DereferenceTopTwo 			; call the dereference code preserving A
.818e	68		pla				pla
.818f					_NotRef:
.818f	0a		asl a				asl 	a 							; put MSB of type into A:7
.8190	30 0b		bmi $819d			bmi 	_StringData 				; if the original bit 4 was set then do the string code.
.8192	bd 28 06	lda $0628,x			lda 	NSExponent,x 				; check if both exponents are zero, e.g. both integers
.8195	1d 29 06	ora $0629,x			ora 	NSExponent+1,x
.8198	f0 06		beq $81a0			beq 	_IntegerCode 				; if clear, then we have two integers
.819a	4c 41 8b	jmp $8b41			jmp 	NotDoneError 							; otherwise at least one float.
.819d					_StringData:
.819d	4c 41 8b	jmp $8b41			jmp 	NotDoneError							; at least one string - don't know both are strings.
.81a0					_IntegerCode:
.81a0					AddTopTwoStack:
.81a0	18		clc				clc
.81a1	bd 08 06	lda $0608,x			lda		NSMantissa0,x
.81a4	7d 09 06	adc $0609,x			adc 		NSMantissa0+1,x
.81a7	9d 08 06	sta $0608,x			sta 	NSMantissa0,x
.81aa	bd 10 06	lda $0610,x			lda		NSMantissa1,x
.81ad	7d 11 06	adc $0611,x			adc 		NSMantissa1+1,x
.81b0	9d 10 06	sta $0610,x			sta 	NSMantissa1,x
.81b3	bd 18 06	lda $0618,x			lda		NSMantissa2,x
.81b6	7d 19 06	adc $0619,x			adc 		NSMantissa2+1,x
.81b9	9d 18 06	sta $0618,x			sta 	NSMantissa2,x
.81bc	bd 20 06	lda $0620,x			lda		NSMantissa3,x
.81bf	7d 21 06	adc $0621,x			adc 		NSMantissa3+1,x
.81c2	9d 20 06	sta $0620,x			sta 	NSMantissa3,x
.81c5	60		rts				rts
.81c6					SubInteger:
.81c6	fa		plx				plx
.81c7	bd 00 06	lda $0600,x			lda 	NSStatus,x 					; OR the type data together
.81ca	1d 01 06	ora $0601,x			ora 	NSStatus+1,x
.81cd	0a		asl a				asl 	a 							; shift reference bit into sign bit
.81ce	0a		asl a				asl 	a
.81cf	10 05		bpl $81d6			bpl 	_NotRef
.81d1	48		pha				pha
.81d2	20 52 83	jsr $8352			jsr 	DereferenceTopTwo 			; call the dereference code preserving A
.81d5	68		pla				pla
.81d6					_NotRef:
.81d6	0a		asl a				asl 	a 							; put MSB of type into A:7
.81d7	30 0b		bmi $81e4			bmi 	_StringData 				; if the original bit 4 was set then do the string code.
.81d9	bd 28 06	lda $0628,x			lda 	NSExponent,x 				; check if both exponents are zero, e.g. both integers
.81dc	1d 29 06	ora $0629,x			ora 	NSExponent+1,x
.81df	f0 06		beq $81e7			beq 	_IntegerCode 				; if clear, then we have two integers
.81e1	4c 41 8b	jmp $8b41			jmp 	NotDoneError 							; otherwise at least one float.
.81e4					_StringData:
.81e4	4c 41 8b	jmp $8b41			jmp 	NotDoneError							; at least one string - don't know both are strings.
.81e7					_IntegerCode:
.81e7					SubTopTwoStack:
.81e7	38		sec				sec
.81e8	bd 08 06	lda $0608,x			lda		NSMantissa0,x
.81eb	fd 09 06	sbc $0609,x			sbc 		NSMantissa0+1,x
.81ee	9d 08 06	sta $0608,x			sta 	NSMantissa0,x
.81f1	bd 10 06	lda $0610,x			lda		NSMantissa1,x
.81f4	fd 11 06	sbc $0611,x			sbc 		NSMantissa1+1,x
.81f7	9d 10 06	sta $0610,x			sta 	NSMantissa1,x
.81fa	bd 18 06	lda $0618,x			lda		NSMantissa2,x
.81fd	fd 19 06	sbc $0619,x			sbc 		NSMantissa2+1,x
.8200	9d 18 06	sta $0618,x			sta 	NSMantissa2,x
.8203	bd 20 06	lda $0620,x			lda		NSMantissa3,x
.8206	fd 21 06	sbc $0621,x			sbc 		NSMantissa3+1,x
.8209	9d 20 06	sta $0620,x			sta 	NSMantissa3,x
.820c	60		rts				rts
.820d					AndInteger:
.820d	fa		plx				plx
.820e	bd 00 06	lda $0600,x			lda 	NSStatus,x 					; OR the type data together
.8211	1d 01 06	ora $0601,x			ora 	NSStatus+1,x
.8214	0a		asl a				asl 	a 							; shift reference bit into sign bit
.8215	0a		asl a				asl 	a
.8216	10 05		bpl $821d			bpl 	_NotRef
.8218	48		pha				pha
.8219	20 52 83	jsr $8352			jsr 	DereferenceTopTwo 			; call the dereference code preserving A
.821c	68		pla				pla
.821d					_NotRef:
.821d	29 c0		and #$c0			and 	#$C0 						; isolate the type bits which have been shifted
.821f	1d 28 06	ora $0628,x			ora 	NSExponent,x 				; check if both exponents are zero, e.g. both integers
.8222	1d 29 06	ora $0629,x			ora 	NSExponent+1,x
.8225	f0 03		beq $822a			beq 	_IntegerCode 				; if clear, then we have two integers
.8227	4c 3c 8b	jmp $8b3c			jmp 	TypeError 					; anything else, type mismatch.
.822a					_IntegerCode:
.822a	bd 08 06	lda $0608,x			lda		NSMantissa0,x
.822d	3d 09 06	and $0609,x			and 		NSMantissa0+1,x
.8230	9d 08 06	sta $0608,x			sta 	NSMantissa0,x
.8233	bd 10 06	lda $0610,x			lda		NSMantissa1,x
.8236	3d 11 06	and $0611,x			and 		NSMantissa1+1,x
.8239	9d 10 06	sta $0610,x			sta 	NSMantissa1,x
.823c	bd 18 06	lda $0618,x			lda		NSMantissa2,x
.823f	3d 19 06	and $0619,x			and 		NSMantissa2+1,x
.8242	9d 18 06	sta $0618,x			sta 	NSMantissa2,x
.8245	bd 20 06	lda $0620,x			lda		NSMantissa3,x
.8248	3d 21 06	and $0621,x			and 		NSMantissa3+1,x
.824b	9d 20 06	sta $0620,x			sta 	NSMantissa3,x
.824e	60		rts				rts
.824f					OraInteger:
.824f	fa		plx				plx
.8250	bd 00 06	lda $0600,x			lda 	NSStatus,x 					; OR the type data together
.8253	1d 01 06	ora $0601,x			ora 	NSStatus+1,x
.8256	0a		asl a				asl 	a 							; shift reference bit into sign bit
.8257	0a		asl a				asl 	a
.8258	10 05		bpl $825f			bpl 	_NotRef
.825a	48		pha				pha
.825b	20 52 83	jsr $8352			jsr 	DereferenceTopTwo 			; call the dereference code preserving A
.825e	68		pla				pla
.825f					_NotRef:
.825f	29 c0		and #$c0			and 	#$C0 						; isolate the type bits which have been shifted
.8261	1d 28 06	ora $0628,x			ora 	NSExponent,x 				; check if both exponents are zero, e.g. both integers
.8264	1d 29 06	ora $0629,x			ora 	NSExponent+1,x
.8267	f0 03		beq $826c			beq 	_IntegerCode 				; if clear, then we have two integers
.8269	4c 3c 8b	jmp $8b3c			jmp 	TypeError 					; anything else, type mismatch.
.826c					_IntegerCode:
.826c	bd 08 06	lda $0608,x			lda		NSMantissa0,x
.826f	1d 09 06	ora $0609,x			ora 		NSMantissa0+1,x
.8272	9d 08 06	sta $0608,x			sta 	NSMantissa0,x
.8275	bd 10 06	lda $0610,x			lda		NSMantissa1,x
.8278	1d 11 06	ora $0611,x			ora 		NSMantissa1+1,x
.827b	9d 10 06	sta $0610,x			sta 	NSMantissa1,x
.827e	bd 18 06	lda $0618,x			lda		NSMantissa2,x
.8281	1d 19 06	ora $0619,x			ora 		NSMantissa2+1,x
.8284	9d 18 06	sta $0618,x			sta 	NSMantissa2,x
.8287	bd 20 06	lda $0620,x			lda		NSMantissa3,x
.828a	1d 21 06	ora $0621,x			ora 		NSMantissa3+1,x
.828d	9d 20 06	sta $0620,x			sta 	NSMantissa3,x
.8290	60		rts				rts
.8291					EorInteger:
.8291	fa		plx				plx
.8292	bd 00 06	lda $0600,x			lda 	NSStatus,x 					; OR the type data together
.8295	1d 01 06	ora $0601,x			ora 	NSStatus+1,x
.8298	0a		asl a				asl 	a 							; shift reference bit into sign bit
.8299	0a		asl a				asl 	a
.829a	10 05		bpl $82a1			bpl 	_NotRef
.829c	48		pha				pha
.829d	20 52 83	jsr $8352			jsr 	DereferenceTopTwo 			; call the dereference code preserving A
.82a0	68		pla				pla
.82a1					_NotRef:
.82a1	29 c0		and #$c0			and 	#$C0 						; isolate the type bits which have been shifted
.82a3	1d 28 06	ora $0628,x			ora 	NSExponent,x 				; check if both exponents are zero, e.g. both integers
.82a6	1d 29 06	ora $0629,x			ora 	NSExponent+1,x
.82a9	f0 03		beq $82ae			beq 	_IntegerCode 				; if clear, then we have two integers
.82ab	4c 3c 8b	jmp $8b3c			jmp 	TypeError 					; anything else, type mismatch.
.82ae					_IntegerCode:
.82ae	bd 08 06	lda $0608,x			lda		NSMantissa0,x
.82b1	5d 09 06	eor $0609,x			eor 		NSMantissa0+1,x
.82b4	9d 08 06	sta $0608,x			sta 	NSMantissa0,x
.82b7	bd 10 06	lda $0610,x			lda		NSMantissa1,x
.82ba	5d 11 06	eor $0611,x			eor 		NSMantissa1+1,x
.82bd	9d 10 06	sta $0610,x			sta 	NSMantissa1,x
.82c0	bd 18 06	lda $0618,x			lda		NSMantissa2,x
.82c3	5d 19 06	eor $0619,x			eor 		NSMantissa2+1,x
.82c6	9d 18 06	sta $0618,x			sta 	NSMantissa2,x
.82c9	bd 20 06	lda $0620,x			lda		NSMantissa3,x
.82cc	5d 21 06	eor $0621,x			eor 		NSMantissa3+1,x
.82cf	9d 20 06	sta $0620,x			sta 	NSMantissa3,x
.82d2	60		rts				rts

;******  Return to file: _basic.asm


;******  Processing file: ./expressions/expression.asm


;******  Processing file: ./expressions/../generated/precedence.dat

.82d3					PrecedenceLevel:
>82d3	04					.byte	 4	; $00 <<
>82d4	02					.byte	 2	; $01 <=
>82d5	02					.byte	 2	; $02 <>
>82d6	00					.byte	 0	; $03 !!3
>82d7	00					.byte	 0	; $04 ><
>82d8	02					.byte	 2	; $05 >=
>82d9	04					.byte	 4	; $06 >>
>82da	00					.byte	 0	; $07 !!7
>82db	00					.byte	 0	; $08 !!8
>82dc	00					.byte	 0	; $09 !!9
>82dd	00					.byte	 0	; $0a !!10
>82de	00					.byte	 0	; $0b !!11
>82df	00					.byte	 0	; $0c !!12
>82e0	00					.byte	 0	; $0d !!13
>82e1	00					.byte	 0	; $0e !!14
>82e2	00					.byte	 0	; $0f !!15
>82e3	00					.byte	 0	; $10 @
>82e4	00					.byte	 0	; $11 !!17
>82e5	00					.byte	 0	; $12 !!18
>82e6	00					.byte	 0	; $13 [
>82e7	00					.byte	 0	; $14 \
>82e8	00					.byte	 0	; $15 ]
>82e9	01					.byte	 1	; $16 ^
>82ea	00					.byte	 0	; $17 _
>82eb	00					.byte	 0	; $18 `
>82ec	00					.byte	 0	; $19 !!25
>82ed	00					.byte	 0	; $1a !!26
>82ee	00					.byte	 0	; $1b {
>82ef	01					.byte	 1	; $1c |
>82f0	00					.byte	 0	; $1d }
>82f1	00					.byte	 0	; $1e ~
>82f2	00					.byte	 0	; $1f [7m<7F>[m
>82f3	00					.byte	 0	; $20
>82f4	05					.byte	 5	; $21 !
>82f5	00					.byte	 0	; $22 "
>82f6	00					.byte	 0	; $23 #
>82f7	05					.byte	 5	; $24 $
>82f8	04					.byte	 4	; $25 %
>82f9	01					.byte	 1	; $26 &
>82fa	00					.byte	 0	; $27 '
>82fb	00					.byte	 0	; $28 (
>82fc	00					.byte	 0	; $29 )
>82fd	04					.byte	 4	; $2a *
>82fe	03					.byte	 3	; $2b +
>82ff	00					.byte	 0	; $2c ,
>8300	03					.byte	 3	; $2d -
>8301	00					.byte	 0	; $2e .
>8302	04					.byte	 4	; $2f /
>8303	00					.byte	 0	; $30 0
>8304	00					.byte	 0	; $31 1
>8305	00					.byte	 0	; $32 2
>8306	00					.byte	 0	; $33 3
>8307	00					.byte	 0	; $34 4
>8308	00					.byte	 0	; $35 5
>8309	00					.byte	 0	; $36 6
>830a	00					.byte	 0	; $37 7
>830b	00					.byte	 0	; $38 8
>830c	00					.byte	 0	; $39 9
>830d	00					.byte	 0	; $3a :
>830e	00					.byte	 0	; $3b ;
>830f	02					.byte	 2	; $3c <
>8310	02					.byte	 2	; $3d =
>8311	02					.byte	 2	; $3e >
>8312	05					.byte	 5	; $3f ?

;******  Return to file: ./expressions/expression.asm

.8313					EvaluateExpressionAt0:
.8313	a2 00		ldx #$00			ldx 	#0 							; bottom stack level
.8315					EvaluateExpression:
.8315	a9 00		lda #$00			lda 	#0 							; lowest precedence level
.8317					EvaluateExpressionAtPrecedence:
.8317	48		pha				pha 								; save precedence level
.8318	20 9f 84	jsr $849f			jsr 	EvaluateTerm 				; evaluate term into level X.
.831b	68		pla				pla 								; restore precedence level.
.831c					_EXPRLoop:
.831c	85 36		sta $36				sta 	zTemp0 						; save current precedence level.
.831e	b1 30		lda ($30),y			lda 	(codePtr),y
.8320	c9 40		cmp #$40			cmp		#$40 						; if >= $40 cannot be an operator
.8322	b0 25		bcs $8349			bcs 	_EXPRExit
.8324	da		phx				phx 								; read the operator precedence
.8325	aa		tax				tax
.8326	bd d3 82	lda $82d3,x			lda 	PrecedenceLevel,x
.8329	fa		plx				plx
.832a	c9 00		cmp #$00			cmp 	#0							; if zero exit (not an operator)
.832c	f0 1b		beq $8349			beq 	_EXPRExit
.832e	85 37		sta $37				sta 	zTemp0+1 					; save operator precedence level.
.8330	a5 36		lda $36				lda 	zTemp0 						; compare current precedence vs. operator precedence
.8332	c5 37		cmp $37				cmp 	zTemp0+1
.8334	b0 13		bcs $8349			bcs		_EXPRExit 					; if current >= operator exit
.8336	48		pha				pha 								; save current precedence.
.8337	b1 30		lda ($30),y			lda 	(codePtr),y
.8339	c8		iny				iny
.833a	48		pha				pha
.833b	a5 37		lda $37				lda 	zTemp0+1 					; get operator precedence level
.833d	e8		inx				inx 								; work out the right hand side.
.833e	20 17 83	jsr $8317			jsr 	EvaluateExpressionAtPrecedence
.8341	ca		dex				dex
.8342	68		pla				pla 								; get operator, call the code.
.8343	20 4c 83	jsr $834c			jsr 	_EXPRCaller
.8346	68		pla				pla 								; restore precedence level
.8347	80 d3		bra $831c			bra 	_EXPRLoop 					; and go round.
.8349					_EXPRExit:
.8349	a5 36		lda $36				lda 	zTemp0 						; A = current precedence level.
.834b	60		rts				rts
.834c					_EXPRCaller:
.834c	da		phx				phx 								; save on stack, first thing is to restore it
.834d	0a		asl a				asl 	a 							; double so can use vectors into X
.834e	aa		tax				tax
.834f	7c 2f 80	jmp ($802f,x)			jmp 	(VectorSetPunc,x) 			; and go to the code.

;******  Return to file: _basic.asm


;******  Processing file: ./expressions/term/dereference.asm

.8352					DereferenceTopTwo:
.8352	e8		inx				inx
.8353	20 57 83	jsr $8357			jsr 	Dereference 				; deref x+1
.8356	ca		dex				dex  								; falls through to deref x
.8357					Dereference:
.8357	bd 00 06	lda $0600,x			lda 	NSStatus,x 					; get the status byte
.835a	29 20		and #$20			and 	#NSBIsReference 			; shift sign bit to carry, reference to bit 7
.835c	f0 57		beq $83b5			beq 	_DRFExit 					; not a reference
.835e	5a		phy				phy
.835f	bd 08 06	lda $0608,x			lda 	NSMantissa0,x 				; copy address to dereference into zTemp0
.8362	85 36		sta $36				sta 	zTemp0
.8364	bd 10 06	lda $0610,x			lda 	NSMantissa1,x
.8367	85 37		sta $37				sta 	zTemp0+1
.8369	9e 10 06	stz $0610,x			stz 	NSMantissa1,x 				; clear second byte.
.836c	b2 36		lda ($36)			lda 	(zTemp0) 					; do the first byte
.836e	9d 08 06	sta $0608,x			sta 	NSMantissa0,x
.8371	bd 00 06	lda $0600,x			lda 	NSStatus,x 					; get status byte.
.8374	29 18		and #$18			and 	#NSBTypeMask 				; what type is it ?
.8376	c9 10		cmp #$10			cmp 	#NSTString 					; if string, dereference two
.8378	f0 0f		beq $8389			beq 	_DRFDereferenceTwo
.837a	c9 08		cmp #$08			cmp 	#NSTFloat 					; if float, do full dereference.
.837c	f0 39		beq $83b7			beq 	_DRFFull
.837e	bd 00 06	lda $0600,x			lda 	NSStatus,x 					; must be integer - how many bytes ?
.8381	29 03		and #$03			and 	#3
.8383	f0 32		beq $83b7			beq 	_DRFFull 					; the whole word
.8385	c9 01		cmp #$01			cmp 	#1 							; is it 10 (e.g. 2 bytes)
.8387	f0 07		beq $8390			beq		_DRFClear23 				; no, one byte, clear 2 & 3 and exit
.8389					_DRFDereferenceTwo:
.8389	a0 01		ldy #$01			ldy 	#1
.838b	b1 36		lda ($36),y			lda 	(zTemp0),y
.838d	9d 10 06	sta $0610,x			sta 	NSMantissa1,x
.8390					_DRFClear23:
.8390	9e 18 06	stz $0618,x			stz 	NSMantissa2,x 				; clear upper bytes, only read 1 or 2 bytes
.8393	9e 20 06	stz $0620,x			stz 	NSMantissa3,x
.8396	bd 00 06	lda $0600,x			lda 	NSStatus,x 					; make it a value of that type.
.8399	29 18		and #$18			and 	#NSBTypeMask
.839b	9d 00 06	sta $0600,x			sta 	NSStatus,x
.839e	c9 10		cmp #$10			cmp 	#NSTString  				; is it a string
.83a0	d0 12		bne $83b4			bne 	_DRFNotString
.83a2	bd 08 06	lda $0608,x			lda 	NSMantissa0,x 				; check address is zero
.83a5	1d 10 06	ora $0610,x			ora 	NSMantissa1,x
.83a8	d0 0a		bne $83b4			bne 	_DRFNotString
.83aa	a9 b6		lda #$b6			lda 	#_DRFNullString & $FF 		; if so, return reference to ""
.83ac	9d 08 06	sta $0608,x			sta 	NSMantissa0,X
.83af	a9 83		lda #$83			lda 	#_DRFNullString >> 8
.83b1	9d 10 06	sta $0610,x			sta 	NSMantissa1,X
.83b4					_DRFNotString
.83b4	7a		ply				ply 								; restore Y and exit
.83b5					_DRFExit:
.83b5	60		rts				rts
.83b6					_DRFNullString:
>83b6	00						.byte 	0
.83b7					_DRFFull:
.83b7	a0 01		ldy #$01			ldy 	#1 							; get remaining 3 bytes.
.83b9	b1 36		lda ($36),y			lda 	(zTemp0),y
.83bb	9d 10 06	sta $0610,x			sta 	NSMantissa1,x
.83be	c8		iny				iny
.83bf	b1 36		lda ($36),y			lda 	(zTemp0),y
.83c1	9d 18 06	sta $0618,x			sta 	NSMantissa2,x
.83c4	c8		iny				iny
.83c5	b1 36		lda ($36),y			lda 	(zTemp0),y
.83c7	9d 20 06	sta $0620,x			sta 	NSMantissa3,x
.83ca	9e 28 06	stz $0628,x			stz 	NSExponent,x 				; clear exponent.
.83cd	bd 00 06	lda $0600,x			lda		NSStatus,x 					; see if type is integer
.83d0	29 18		and #$18			and 	#NSBTypeMask  				; type information only
.83d2	9d 00 06	sta $0600,x			sta 	NSStatus,x 					; update it back.
.83d5	f0 06		beq $83dd			beq 	_DRFNoExponent
.83d7	c8		iny				iny 								; if not, read the exponent as well.
.83d8	b1 36		lda ($36),y			lda 	(zTemp0),y
.83da	9d 28 06	sta $0628,x			sta 	NSExponent,x
.83dd					_DRFNoExponent:
.83dd	bd 20 06	lda $0620,x			lda 	NSMantissa3,x 				; is the most significant bit set ?
.83e0	10 0d		bpl $83ef			bpl 	_DRFExit2 					; if not, then exit.
.83e2	29 7f		and #$7f			and 	#$7F 						; clear that bit.
.83e4	9d 20 06	sta $0620,x			sta 	NSMantissa3,x
.83e7	bd 00 06	lda $0600,x			lda 	NSStatus,x 					; set the sign flag
.83ea	09 80		ora #$80			ora 	#NSBIsNegative
.83ec	9d 00 06	sta $0600,x			sta 	NSStatus,x
.83ef					_DRFExit2:
.83ef	7a		ply				ply
.83f0	60		rts				rts

;******  Return to file: _basic.asm


;******  Processing file: ./expressions/term/number.asm

=1					ESTA_Low = 1 								; state 1 is 1 byte, switches when A >= 24.
=2					ESTA_High = 2 								; loading up to 32 bit integer in the mantissa
.83f1					EncodeNumberStart:
.83f1	38		sec				sec
.83f2	80 01		bra $83f5			bra 	EncodeNumberContinue+1
.83f4					EncodeNumberContinue:
.83f4	18		clc				clc
.83f5	08		php				php 								; save reset.
.83f6	c9 2e		cmp #$2e			cmp 	#"." 						; only accept 0-9 and .
.83f8	f0 0b		beq $8405			beq 	_ENIsOkay
.83fa	c9 30		cmp #$30			cmp 	#"0"
.83fc	90 04		bcc $8402			bcc 	_ENBadNumber
.83fe	c9 3a		cmp #$3a			cmp 	#"9"+1
.8400	90 03		bcc $8405			bcc 	_ENIsOkay
.8402					_ENBadNumber:
.8402	28		plp				plp 								; throw saved reset
.8403					_ENFail:
.8403	18		clc				clc 								; not allowed
.8404	60		rts				rts
.8405					_ENIsOkay:
.8405	28		plp				plp 								; are we restarting
.8406	90 0c		bcc $8414			bcc 	_ENNoRestart
.8408					_ENStartEncode:
.8408	29 0f		and #$0f			and 	#15 						; put digit in mantissa
.840a	20 b5 85	jsr $85b5			jsr 	NSMSetByte
.840d	a9 01		lda #$01			lda 	#ESTA_Low
.840f					_ENExitChange:
.840f	8d 05 07	sta $0705			sta 	EncodeState 				; save new state
.8412	38		sec				sec
.8413	60		rts				rts
.8414					_ENNoRestart:
.8414	48		pha				pha 								; save on stack.
.8415	ad 05 07	lda $0705			lda 	EncodeState 				; get current state
.8418	c9 01		cmp #$01			cmp 	#ESTA_Low
.841a	f0 05		beq $8421			beq  	_ESTALowState
.841c	c9 02		cmp #$02			cmp 	#ESTA_High
.841e	f0 23		beq $8443			beq 	_ESTAHighState
>8420	db						.byte 	$DB 						; causes a break in the emulator
.8421					_ESTALowState:
.8421	68		pla				pla 								; get value back
.8422	c9 2e		cmp #$2e			cmp 	#"."						; decimal point
.8424	f0 27		beq $844d			beq 	_ESTASwitchFloat 			; then we need to do the floating point bit
.8426	29 0f		and #$0f			and 	#15 						; make digit
.8428	85 36		sta $36				sta 	zTemp0 						; save it.
.842a	bd 08 06	lda $0608,x			lda 	NSMantissa0,x 				; x mantissa0 x 10 and add it
.842d	0a		asl a				asl 	a
.842e	0a		asl a				asl 	a
.842f	7d 08 06	adc $0608,x			adc 	NSMantissa0,x
.8432	0a		asl a				asl 	a
.8433	65 36		adc $36				adc 	zTemp0
.8435	9d 08 06	sta $0608,x			sta 	NSMantissa0,x
.8438	c9 19		cmp #$19			cmp 	#25 						; if >= 25 cannot guarantee next will be okay
.843a	90 05		bcc $8441			bcc 	_ESTANoSwitch 				; as could be 25 x 10 + 9
.843c	a9 02		lda #$02			lda 	#ESTA_High 					; so if so, switch to the high encoding state
.843e	8d 05 07	sta $0705			sta 	EncodeState
.8441					_ESTANoSwitch:
.8441	38		sec				sec
.8442	60		rts				rts
.8443					_ESTAHighState:
.8443	68		pla				pla 								; get value back
.8444	c9 2e		cmp #$2e			cmp 	#"." 						; if DP switch to dloat
.8446	f0 05		beq $844d			beq 	_ESTASwitchFloat
.8448	20 4e 84	jsr $844e			jsr 	ESTAShiftDigitIntoMantissa 	; a routine does this.
.844b	38		sec				sec
.844c	60		rts				rts
.844d					_ESTASwitchFloat:
>844d	db						.byte 	$DB 						; causes a break in the emulator
.844e					ESTAShiftDigitIntoMantissa:
.844e	29 0f		and #$0f			and 	#15 						; save digit
.8450	48		pha				pha
.8451	bd 20 06	lda $0620,x			lda 	NSMantissa3,x 				; push mantissa on stack
.8454	48		pha				pha
.8455	bd 18 06	lda $0618,x			lda 	NSMantissa2,x
.8458	48		pha				pha
.8459	bd 10 06	lda $0610,x			lda 	NSMantissa1,x
.845c	48		pha				pha
.845d	bd 08 06	lda $0608,x			lda 	NSMantissa0,x
.8460	48		pha				pha
.8461	20 c8 85	jsr $85c8			jsr 	NSMShiftLeft 				; x 2
.8464	20 c8 85	jsr $85c8			jsr 	NSMShiftLeft 				; x 4
.8467	18		clc				clc 								; pop mantissa and add
.8468	68		pla				pla
.8469	7d 08 06	adc $0608,x			adc 	NSMantissa0,x
.846c	9d 08 06	sta $0608,x			sta 	NSMantissa0,x
.846f	68		pla				pla
.8470	7d 10 06	adc $0610,x			adc 	NSMantissa1,x
.8473	9d 10 06	sta $0610,x			sta 	NSMantissa1,x
.8476	68		pla				pla
.8477	7d 18 06	adc $0618,x			adc 	NSMantissa2,x
.847a	9d 18 06	sta $0618,x			sta 	NSMantissa2,x
.847d	68		pla				pla
.847e	7d 20 06	adc $0620,x			adc 	NSMantissa3,x
.8481	9d 20 06	sta $0620,x			sta 	NSMantissa3,x 				; x 5
.8484	20 c8 85	jsr $85c8			jsr 	NSMShiftLeft 				; x 10
.8487	68		pla				pla 								; add digit
.8488	18		clc				clc
.8489	7d 08 06	adc $0608,x			adc 	NSMantissa0,x
.848c	9d 08 06	sta $0608,x			sta 	NSMantissa0,x
.848f	90 0d		bcc $849e			bcc 	_ESTASDExit
.8491	fe 10 06	inc $0610,x			inc 	NSMantissa1,x
.8494	d0 08		bne $849e			bne 	_ESTASDExit
.8496	fe 18 06	inc $0618,x			inc 	NSMantissa2,x
.8499	d0 03		bne $849e			bne 	_ESTASDExit
.849b	fe 20 06	inc $0620,x			inc 	NSMantissa3,x
.849e					_ESTASDExit:
.849e	60		rts				rts

;******  Return to file: _basic.asm


;******  Processing file: ./expressions/term/term.asm

.849f					EvaluateTerm:
.849f	b1 30		lda ($30),y			lda 	(codePtr),y
.84a1	30 18		bmi $84bb			bmi 	_ETCheckUnary 				; unary function ? (text ones)
.84a3	c9 40		cmp #$40			cmp 	#$40 						; 40-7F => identifier reference
.84a5	b0 6e		bcs $8515			bcs 	_ETVariable
.84a7	c9 30		cmp #$30			cmp 	#'0' 						; is it a number
.84a9	90 6e		bcc $8519			bcc 	_ETPuncUnary 				; if not it might be a punctuation unary.
.84ab	c9 3a		cmp #$3a			cmp 	#'9'+1
.84ad	b0 6a		bcs $8519			bcs 	_ETPuncUnary
.84af	20 f1 83	jsr $83f1			jsr 	EncodeNumberStart 			; can't fail as it's 0-9 !
.84b2					_ETNumber:
.84b2	c8		iny				iny 								; keep encoding until we have the numbers
.84b3	b1 30		lda ($30),y			lda 	(codePtr),y
.84b5	20 f4 83	jsr $83f4			jsr 	EncodeNumberContinue
.84b8	b0 f8		bcs $84b2			bcs 	_ETNumber 					; go back if accepted.
.84ba	60		rts				rts
.84bb					_ETCheckUnary:
.84bb	c9 ff		cmp #$ff			cmp 	#KWC_STRING 				; string token
.84bd	f0 40		beq $84ff			beq 	_ETString
.84bf	c9 fe		cmp #$fe			cmp 	#KWC_HEXCONST 				; hex constant.
.84c1	f0 11		beq $84d4			beq 	_ETHexConstant
.84c3	c9 83		cmp #$83			cmp 	#KWC_FIRST_UNARY 			; check it actually is a unary function
.84c5	90 0a		bcc $84d1			bcc 	_ETSyntaxError
.84c7	c9 98		cmp #$98			cmp 	#KWC_LAST_UNARY+1
.84c9	b0 06		bcs $84d1			bcs 	_ETSyntaxError
.84cb	da		phx				phx 								; push X on the stack
.84cc	0a		asl a				asl 	a 							; put vector x 2 into X
.84cd	aa		tax				tax
.84ce	7c af 80	jmp ($80af,x)			jmp 	(VectorSet0,x) 				; and do it.
.84d1					_ETSyntaxError:
.84d1	4c 32 8b	jmp $8b32			jmp 	SyntaxError
.84d4					_ETHexConstant:
.84d4	c8		iny				iny 								; skip #
.84d5	c8		iny				iny 								; skip count
.84d6	20 b3 85	jsr $85b3			jsr 	NSMSetZero 					; clear result
.84d9					_ETHLoop:
.84d9	b1 30		lda ($30),y			lda 	(codePtr),y
.84db	c8		iny				iny 								; and consume
.84dc	c9 00		cmp #$00			cmp 	#0 							; exit if zero
.84de	f0 1e		beq $84fe			beq 	_ETHExit
.84e0	48		pha				pha 								; save on stack.
.84e1	20 c8 85	jsr $85c8			jsr 	NSMShiftLeft 				; x 2
.84e4	20 c8 85	jsr $85c8			jsr 	NSMShiftLeft 				; x 4
.84e7	20 c8 85	jsr $85c8			jsr 	NSMShiftLeft 				; x 8
.84ea	20 c8 85	jsr $85c8			jsr 	NSMShiftLeft 				; x 16
.84ed	68		pla				pla 								; ASCII
.84ee	c9 41		cmp #$41			cmp 	#'A'
.84f0	90 02		bcc $84f4			bcc 	_ETHNotChar
.84f2	e9 07		sbc #$07			sbc 	#7
.84f4					_ETHNotChar:
.84f4	29 0f		and #$0f			and 	#15 						; digit now
.84f6	1d 08 06	ora $0608,x			ora 	NSMantissa0,x 				; put in LS Nibble
.84f9	9d 08 06	sta $0608,x			sta 	NSMantissa0,x
.84fc	80 db		bra $84d9			bra 	_ETHLoop 					; go round.
.84fe					_ETHExit:
.84fe	60		rts				rts
.84ff					_ETString:
.84ff	c8		iny				iny 								; look at length
.8500	b1 30		lda ($30),y			lda 	(codePtr),y
.8502	48		pha				pha
.8503	c8		iny				iny 								; first character
.8504	20 1e 86	jsr $861e			jsr 	MemoryInline 				; put address of string at (codePtr),y on stack
.8507	68		pla				pla 								; restore count and save
.8508	85 36		sta $36				sta 	zTemp0
.850a	98		tya				tya 								; add length to Y to skip it.
.850b	18		clc				clc
.850c	65 36		adc $36				adc 	zTemp0
.850e	a8		tay				tay
.850f	a9 10		lda #$10			lda 	#NSTString 					; mark as string
.8511	9d 00 06	sta $0600,x			sta 	NSStatus,x
.8514	60		rts				rts
.8515					_ETVariable:
>8515	db						.byte 	$DB 						; causes a break in the emulator
.8516	4c ff ff	jmp $ffff			jmp 	$FFFF
.8519					_ETPuncUnary:
.8519	c8		iny				iny 								; consume the unary character
.851a	c9 2d		cmp #$2d			cmp 	#KWD_MINUS 					; unary minus
.851c	f0 31		beq $854f			beq 	_ETUnaryNegate
.851e	c9 10		cmp #$10			cmp 	#KWD_AT 					; @ reference -> constant
.8520	f0 3d		beq $855f			beq 	_ETDereference
.8522	c9 28		cmp #$28			cmp 	#KWD_LPAREN 				; parenthesis
.8524	f0 58		beq $857e			beq 	_ETParenthesis
.8526	c9 24		cmp #$24			cmp 	#KWD_DOLLAR
.8528	f0 43		beq $856d			beq 	_ETStringReference
.852a	64 36		stz $36				stz 	zTemp0 						; zTemp0 is the indirection level.
.852c	c9 3f		cmp #$3f			cmp 	#KWD_QMARK 					; byte indirection (0) ?
.852e	f0 06		beq $8536			beq 	_ETIndirection
.8530	e6 36		inc $36				inc 	zTemp0
.8532	c9 21		cmp #$21			cmp 	#KWD_PLING					; word indirection (1) \
.8534	d0 9b		bne $84d1			bne 	_ETSyntaxError
.8536					_ETIndirection:
.8536	a5 36		lda $36				lda 	zTemp0 						; push indirection amount (0-1) => (1-2) on the stack
.8538	1a		inc a				inc 	a
.8539	48		pha				pha
.853a	20 9f 84	jsr $849f			jsr 	EvaluateTerm				; evaluate the term
.853d	20 57 83	jsr $8357			jsr 	Dereference 				; dereference it.
.8540	bd 00 06	lda $0600,x			lda 	NSStatus,x 					; must be a +ve integer.
.8543	d0 07		bne $854c			bne 	_ETTypeMismatch
.8545	68		pla				pla 								; indirection 1-2
.8546	09 20		ora #$20			ora 	#NSBIsReference 			; make it a reference.
.8548	9d 00 06	sta $0600,x			sta 	NSStatus,x
.854b	60		rts				rts
.854c					_ETTypeMismatch:
.854c	4c 3c 8b	jmp $8b3c			jmp 	TypeError
.854f					_ETUnaryNegate:
.854f	20 9f 84	jsr $849f			jsr 	EvaluateTerm				; evaluate the term
.8552	20 57 83	jsr $8357			jsr 	Dereference 				; dereference it.
.8555	bd 00 06	lda $0600,x			lda 	NSStatus,x 					; must be a number
.8558	29 10		and #$10			and 	#NSTString
.855a	d0 f0		bne $854c			bne 	_ETTypeMismatch
.855c	4c 85 85	jmp $8585			jmp 	NSMNegate  					; just toggles the sign bit.
.855f					_ETDereference:
.855f	20 9f 84	jsr $849f			jsr 	EvaluateTerm				; evaluate the term
.8562	bd 00 06	lda $0600,x			lda 	NSStatus,x 					; must be a reference
.8565	29 20		and #$20			and 	#NSBIsReference
.8567	f0 e3		beq $854c			beq 	_ETTypeMismatch
.8569	9e 00 06	stz $0600,x			stz 	NSStatus,x 					; make it an integer address
.856c	60		rts				rts
.856d					_ETStringReference:
.856d	20 9f 84	jsr $849f			jsr 	EvaluateTerm				; evaluate the term
.8570	20 57 83	jsr $8357			jsr 	Dereference 				; dereference it.
.8573	bd 00 06	lda $0600,x			lda 	NSStatus,x 					; must be a +ve integer.
.8576	d0 d4		bne $854c			bne 	_ETTypeMismatch
.8578	a9 10		lda #$10			lda 	#NSTString 					; make it a string
.857a	9d 00 06	sta $0600,x			sta 	NSStatus,x
.857d	60		rts				rts
.857e					_ETParenthesis:
.857e	20 15 83	jsr $8315			jsr 	EvaluateExpression 			; evaluate here, from lowest precedence
.8581	20 9c 8a	jsr $8a9c			jsr 	CheckRightBracket 			; check for )
.8584	60		rts				rts

;******  Return to file: _basic.asm


;******  Processing file: ./expressions/utility/utility.asm

.8585					NSMNegate:
.8585	bd 00 06	lda $0600,x			lda 	NSStatus,x
.8588	49 80		eor #$80			eor 	#NSBIsNegative
.858a	9d 00 06	sta $0600,x			sta 	NSStatus,x
.858d	60		rts				rts
.858e					NSMShiftUpTwo:
.858e	bd 08 06	lda $0608,x			lda 	NSMantissa0,x
.8591	9d 0a 06	sta $060a,x			sta 	NSMantissa0+2,x
.8594	bd 10 06	lda $0610,x			lda 	NSMantissa1,x
.8597	9d 12 06	sta $0612,x			sta 	NSMantissa1+2,x
.859a	bd 18 06	lda $0618,x			lda 	NSMantissa2,x
.859d	9d 1a 06	sta $061a,x			sta 	NSMantissa2+2,x
.85a0	bd 20 06	lda $0620,x			lda 	NSMantissa3,x
.85a3	9d 22 06	sta $0622,x			sta 	NSMantissa3+2,x
.85a6	bd 28 06	lda $0628,x			lda 	NSExponent,x
.85a9	9d 2a 06	sta $062a,x			sta 	NSExponent+2,x
.85ac	bd 00 06	lda $0600,x			lda 	NSStatus,x
.85af	9d 02 06	sta $0602,x			sta 	NSStatus+2,x
.85b2	60		rts				rts
.85b3					NSMSetZero:
.85b3	a9 00		lda #$00			lda 	#0
.85b5					NSMSetByte:
.85b5	9d 08 06	sta $0608,x			sta 	NSMantissa0,x
.85b8	9e 10 06	stz $0610,x			stz 	NSMantissa1,x
.85bb	9e 18 06	stz $0618,x			stz 	NSMantissa2,x
.85be	9e 20 06	stz $0620,x			stz 	NSMantissa3,x
.85c1	9e 28 06	stz $0628,x			stz 	NSExponent,x 				; zero exponent, as integer.
.85c4	9e 00 06	stz $0600,x			stz 	NSStatus,x 					; status zero (integer)
.85c7	60		rts				rts
.85c8					NSMShiftLeft:
.85c8	1e 08 06	asl $0608,x			asl 	NSMantissa0,x
.85cb	3e 10 06	rol $0610,x			rol		NSMantissa1,x
.85ce	3e 18 06	rol $0618,x			rol		NSMantissa2,x
.85d1	3e 20 06	rol $0620,x			rol		NSMantissa3,x
.85d4	60		rts				rts
.85d5					NSMShiftRight:
.85d5	5e 20 06	lsr $0620,x			lsr 	NSMantissa3,x
.85d8	7e 18 06	ror $0618,x			ror		NSMantissa2,x
.85db	7e 10 06	ror $0610,x			ror		NSMantissa1,x
.85de	7e 08 06	ror $0608,x			ror		NSMantissa0,x
.85e1	60		rts				rts

;******  Return to file: _basic.asm


;******  Processing file: ./generated/errors.asm

.8b32					SyntaxError:
.8b32	a9 02		lda #$02		lda	#2
.8b34	4c 2b 80	jmp $802b		jmp	ErrorHandler
.8b37					RangeError:
.8b37	a9 04		lda #$04		lda	#4
.8b39	4c 2b 80	jmp $802b		jmp	ErrorHandler
.8b3c					TypeError:
.8b3c	a9 05		lda #$05		lda	#5
.8b3e	4c 2b 80	jmp $802b		jmp	ErrorHandler
.8b41					NotDoneError:
.8b41	a9 0c		lda #$0c		lda	#12
.8b43	4c 2b 80	jmp $802b		jmp	ErrorHandler
.8b46					ErrorText:
>8b46	42 72 65 61 6b 00			.text	"Break",0
>8b4c	53 79 6e 74 61 78 20 65			.text	"Syntax error",0
>8b54	72 72 6f 72 00
>8b59	44 69 76 69 73 69 6f 6e			.text	"Division by zero",0
>8b61	20 62 79 20 7a 65 72 6f 00
>8b6a	4f 75 74 20 6f 66 20 52			.text	"Out of Range",0
>8b72	61 6e 67 65 00
>8b77	54 79 70 65 20 6d 69 73			.text	"Type mismatch",0
>8b7f	6d 61 74 63 68 00
>8b85	4f 75 74 20 6f 66 20 6d			.text	"Out of memory",0
>8b8d	65 6d 6f 72 79 00
>8b93	49 6c 6c 65 67 61 6c 20			.text	"Illegal argument",0
>8b9b	61 72 67 75 6d 65 6e 74 00
>8ba4	53 74 6f 70 00				.text	"Stop",0
>8ba9	53 74 72 69 6e 67 20 74			.text	"String too long",0
>8bb1	6f 6f 20 6c 6f 6e 67 00
>8bb9	41 73 73 65 72 74 69 6f			.text	"Assertion failed",0
>8bc1	6e 20 66 61 69 6c 65 64 00
>8bca	4f 75 74 20 6f 66 20 64			.text	"Out of data",0
>8bd2	61 74 61 00
>8bd6	55 6e 69 6d 70 6c 65 6d			.text	"Unimplemented",0
>8bde	65 6e 74 65 64 00

;******  Return to file: _basic.asm


;******  Processing file: ./memory.flat/memory.asm

.85e2					MemoryNew:
.85e2	a9 00		lda #$00			lda 	#(BasicStart & $FF)
.85e4	85 30		sta $30				sta 	codePtr
.85e6	a9 20		lda #$20			lda 	#(BasicStart >> 8)
.85e8	85 31		sta $31				sta 	codePtr+1
.85ea	a9 00		lda #$00			lda 	#0 							; write zero there erasing the program.
.85ec	92 30		sta ($30)			sta 	(codePtr)
.85ee	60		rts				rts
.85ef					MemoryAppend:
.85ef	a9 00		lda #$00			lda 	#(BasicStart & $FF)
.85f1	85 30		sta $30				sta 	codePtr
.85f3	a9 20		lda #$20			lda 	#(BasicStart >> 8)
.85f5	85 31		sta $31				sta 	codePtr+1
.85f7					_MAFindEnd:
.85f7	b2 30		lda ($30)			lda 	(codePtr)
.85f9	f0 0d		beq $8608			beq 	_MAFoundEnd
.85fb	18		clc				clc
.85fc	b2 30		lda ($30)			lda 	(codePtr)					; get offset
.85fe	65 30		adc $30				adc 	codePtr
.8600	85 30		sta $30				sta 	codePtr
.8602	90 02		bcc $8606			bcc 	_CREExit
.8604	e6 31		inc $31				inc 	codePtr+1
.8606					_CREExit:
.8606	80 ef		bra $85f7			bra 	_MAFindEnd
.8608					_MAFoundEnd:
.8608	ac 06 07	ldy $0706			ldy 	tokenOffset 				; bytes to copy
.860b	c0 04		cpy #$04			cpy 	#4 							; blank line
.860d	f0 0e		beq $861d			beq 	_MANoLine
.860f	a9 00		lda #$00			lda 	#0 							; end of program
.8611	91 30		sta ($30),y			sta 	(codePtr),y
.8613					_MACopy:
.8613	88		dey				dey
.8614	b9 06 07	lda $0706,y			lda 	tokenOffset,y
.8617	91 30		sta ($30),y			sta 	(codePtr),y
.8619	c0 00		cpy #$00			cpy 	#0
.861b	d0 f6		bne $8613			bne 	_MACopy
.861d					_MANoLine:
.861d	60		rts				rts
.861e					MemoryInline:
.861e	98		tya				tya 								; put address into stack,x
.861f	18		clc				clc
.8620	65 30		adc $30				adc 	codePtr
.8622	9d 08 06	sta $0608,x			sta 	NSMantissa0,x
.8625	a5 31		lda $31				lda 	codePtr+1
.8627	69 00		adc #$00			adc 	#0
.8629	9d 10 06	sta $0610,x			sta 	NSMantissa1,x
.862c	9e 18 06	stz $0618,x			stz 	NSMantissa2,x
.862f	9e 20 06	stz $0620,x			stz 	NSMantissa3,x
.8632	60		rts				rts

;******  Return to file: _basic.asm


;******  Processing file: ./memory.flat/variable.asm

.8633					VariableOpen:
.8633	60		rts				rts
.8634					VariableClose:
.8634	60		rts				rts

;******  Return to file: _basic.asm


;******  Processing file: ./tokeniser/backload.asm

.8635					BackloadProgram:
.8635	a2 ff		ldx #$ff			ldx 	#$FF
.8637	ad fa ff	lda $fffa			lda 	$FFFA 						; read first byte
.863a	30 1e		bmi $865a			bmi 	_BPExit
.863c					_BPCopy:
.863c	e8		inx				inx  								; copy byte in
.863d	9d 06 08	sta $0806,x			sta 	lineBuffer,x
.8640	9e 07 08	stz $0807,x			stz 	lineBuffer+1,x
.8643	ad fa ff	lda $fffa			lda 	$FFFA 						; read next byte
.8646	30 0a		bmi $8652			bmi 	_BPEndLine 					; -ve = EOL
.8648	c9 09		cmp #$09			cmp 	#9 							; handle TAB
.864a	d0 02		bne $864e			bne 	_BPNotTab
.864c	a9 20		lda #$20			lda 	#' '
.864e					_BPNotTab:
.864e	c9 20		cmp #$20			cmp 	#' ' 						; < ' ' = EOL
.8650	b0 ea		bcs $863c			bcs 	_BPCopy
.8652					_BPEndLine:
.8652	20 17 88	jsr $8817			jsr 	TokeniseLine 				; tokenise the line.
.8655	20 ef 85	jsr $85ef			jsr 	MemoryAppend 				; append to current program
.8658	80 db		bra $8635			bra 	BackloadProgram
.865a					_BPExit:
.865a	60		rts				rts

;******  Return to file: _basic.asm


;******  Processing file: ./tokeniser/searchtokens.asm

.865b					TokeniseSearchTable:
.865b	84 37		sty $37				sty 	zTemp0+1 					; (zTemp0),y points to current token.
.865d	85 36		sta $36				sta 	zTemp0
.865f	a0 00		ldy #$00			ldy 	#0
.8661	a9 80		lda #$80			lda 	#$80 						; token #
.8663	85 38		sta $38				sta 	zTemp1
.8665					_TSTLoop:
.8665	b1 36		lda ($36),y			lda 	(zTemp0),y 					; length, 0 (skip) -ve (end)
.8667	30 49		bmi $86b2			bmi 	_TSTFail 					; -ve = end of table
.8669	f0 2e		beq $8699			beq 	_TSTNext 					; zero, check next it's a dummy
.866b	c8		iny				iny 								; get the hash
.866c	b1 36		lda ($36),y			lda 	(zTemp0),y
.866e	88		dey				dey
.866f	cd 03 07	cmp $0703			cmp 	identHash 					; check they match, if not go to next
.8672	d0 25		bne $8699			bne 	_TSTNext
.8674	ad 02 07	lda $0702			lda 	identTypeEnd 				; length of identifier
.8677	38		sec				sec
.8678	ed 00 07	sbc $0700			sbc 	identStart
.867b	d1 36		cmp ($36),y			cmp 	(zTemp0),y 					; no match, then return.
.867d	d0 1a		bne $8699			bne 	_TSTNext
.867f	5a		phy				phy 								; save Y , we might fail
.8680	c8		iny				iny 								; point to text
.8681	c8		iny				iny
.8682	ae 00 07	ldx $0700			ldx 	identStart 					; offset in line buffer in X
.8685					_TSTCompareName:
.8685	bd 06 08	lda $0806,x			lda 	lineBuffer,x 				; compare text.
.8688	d1 36		cmp ($36),y			cmp 	(zTemp0),y
.868a	d0 0c		bne $8698			bne 	_TSTNextPullY 				; fail, pullY and do next
.868c	e8		inx				inx
.868d	c8		iny				iny
.868e	ec 02 07	cpx $0702			cpx 	identTypeEnd 				; complete match.
.8691	d0 f2		bne $8685			bne 	_TSTCompareName
.8693	7a		ply				ply 								; throw Y
.8694	a5 38		lda $38				lda 	zTemp1 						; get token #
.8696	38		sec				sec 								; return with CS = passed.
.8697	60		rts				rts
.8698					_TSTNextPullY:
.8698	7a		ply				ply 								; restore current, fall through.
.8699					_TSTNext:
.8699	e6 38		inc $38				inc 	zTemp1 						; token counter
.869b	98		tya				tya
.869c	18		clc				clc
.869d	71 36		adc ($36),y			adc 	(zTemp0),y 					; add [Length] + 2 to Y
.869f	1a		inc a				inc 	a 							; +1
.86a0	1a		inc a				inc 	a 							; +2
.86a1	a8		tay				tay
.86a2	10 c1		bpl $8665			bpl 	_TSTLoop 					; if Y < $80 loop back
.86a4	98		tya				tya 								; add Y to zTemp0 and reset Y
.86a5	a0 00		ldy #$00			ldy 	#0   						; so we can use Y to search fast
.86a7	18		clc				clc  								; but have tables > 255 bytes
.86a8	65 36		adc $36				adc 	zTemp0 						; when Y gets >= 128 we reset Y
.86aa	85 36		sta $36				sta 	zTemp0 						; and adjust the table pointer/
.86ac	90 b7		bcc $8665			bcc 	_TSTLoop
.86ae	e6 37		inc $37				inc 	zTemp0+1
.86b0	80 b3		bra $8665			bra 	_TSTLoop
.86b2					_TSTFail:
.86b2	18		clc				clc
.86b3	60		rts				rts

;******  Return to file: _basic.asm


;******  Processing file: ./tokeniser/tokenise.asm


;******  Processing file: ./tokeniser/../generated/kwdtext.dat

.86b4					KeywordSet0:
>86b4	00 65					.text	0,$65,""               ; $80 !0:EOF
>86b6	00 58					.text	0,$58,""               ; $81 !1:SH1
>86b8	00 5a					.text	0,$5a,""               ; $82 !2:SH2
>86ba	04 fe 41 42 53 28			.text	4,$fe,"ABS("           ; $83 ABS(
>86c0	06 93 41 4c 4c 4f 43 28			.text	6,$93,"ALLOC("         ; $84 ALLOC(
>86c8	04 ff 41 53 43 28			.text	4,$ff,"ASC("           ; $85 ASC(
>86ce	05 29 43 48 52 24 28			.text	5,$29,"CHR$("          ; $86 CHR$(
>86d5	04 f4 44 45 43 28			.text	4,$f4,"DEC("           ; $87 DEC(
>86db	09 4a 47 45 54 44 41 54			.text	9,$4a,"GETDATE$("      ; $88 GETDATE$(
>86e3	45 24 28
>86e6	09 5b 47 45 54 54 49 4d			.text	9,$5b,"GETTIME$("      ; $89 GETTIME$(
>86ee	45 24 28
>86f1	05 31 48 45 58 24 28			.text	5,$31,"HEX$("          ; $8a HEX$(
>86f8	04 13 49 4e 54 28			.text	4,$13,"INT("           ; $8b INT(
>86fe	06 a7 49 53 56 41 4c 28			.text	6,$a7,"ISVAL("         ; $8c ISVAL(
>8706	06 77 4c 45 46 54 24 28			.text	6,$77,"LEFT$("         ; $8d LEFT$(
>870e	04 07 4c 45 4e 28			.text	4,$07,"LEN("           ; $8e LEN(
>8714	05 26 4d 49 44 24 28			.text	5,$26,"MID$("          ; $8f MID$(
>871b	03 f1 4e 4f 54				.text	3,$f1,"NOT"            ; $90 NOT
>8720	04 1d 50 41 47 45			.text	4,$1d,"PAGE"           ; $91 PAGE
>8726	07 ca 52 49 47 48 54 24			.text	7,$ca,"RIGHT$("        ; $92 RIGHT$(
>872e	28
>872f	04 0c 52 4e 44 28			.text	4,$0c,"RND("           ; $93 RND(
>8735	04 10 53 47 4e 28			.text	4,$10,"SGN("           ; $94 SGN(
>873b	04 0e 53 50 43 28			.text	4,$0e,"SPC("           ; $95 SPC(
>8741	05 45 53 54 52 24 28			.text	5,$45,"STR$("          ; $96 STR$(
>8748	04 0b 56 41 4c 28			.text	4,$0b,"VAL("           ; $97 VAL(
>874e	03 e7 46 4f 52				.text	3,$e7,"FOR"            ; $98 FOR
>8753	02 8f 49 46				.text	2,$8f,"IF"             ; $99 IF
>8757	04 34 50 52 4f 43			.text	4,$34,"PROC"           ; $9a PROC
>875d	06 c1 52 45 50 45 41 54			.text	6,$c1,"REPEAT"         ; $9b REPEAT
>8765	05 79 57 48 49 4c 45			.text	5,$79,"WHILE"          ; $9c WHILE
>876c	05 66 45 4e 44 49 46			.text	5,$66,"ENDIF"          ; $9d ENDIF
>8773	07 0b 45 4e 44 50 52 4f			.text	7,$0b,"ENDPROC"        ; $9e ENDPROC
>877b	43
>877c	04 3f 4e 45 58 54			.text	4,$3f,"NEXT"           ; $9f NEXT
>8782	05 8c 55 4e 54 49 4c			.text	5,$8c,"UNTIL"          ; $a0 UNTIL
>8789	04 2e 57 45 4e 44			.text	4,$2e,"WEND"           ; $a1 WEND
>878f	03 e2 43 4c 53				.text	3,$e2,"CLS"            ; $a2 CLS
>8794	04 1a 44 41 54 41			.text	4,$1a,"DATA"           ; $a3 DATA
>879a	03 da 44 49 4d				.text	3,$da,"DIM"            ; $a4 DIM
>879f	05 80 47 4f 53 55 42			.text	5,$80,"GOSUB"          ; $a5 GOSUB
>87a6	04 39 47 4f 54 4f			.text	4,$39,"GOTO"           ; $a6 GOTO
>87ac	03 e5 4c 45 54				.text	3,$e5,"LET"            ; $a7 LET
>87b1	05 8d 50 52 49 4e 54			.text	5,$8d,"PRINT"          ; $a8 PRINT
>87b8	04 1c 52 45 41 44			.text	4,$1c,"READ"           ; $a9 READ
>87be	03 e4 52 45 4d				.text	3,$e4,"REM"            ; $aa REM
>87c3	06 e0 52 45 54 55 52 4e			.text	6,$e0,"RETURN"         ; $ab RETURN
>87cb	04 2f 54 48 45 4e			.text	4,$2f,"THEN"           ; $ac THEN
>87d1	02 a3 54 4f				.text	2,$a3,"TO"             ; $ad TO
>87d5	ff					.text	$FF
.87d6					KeywordSet1:
>87d6	00 65					.text	0,$65,""               ; $80 !0:EOF
>87d8	00 58					.text	0,$58,""               ; $81 !1:SH1
>87da	00 5a					.text	0,$5a,""               ; $82 !2:SH2
>87dc	06 d2 41 53 53 45 52 54			.text	6,$d2,"ASSERT"         ; $83 ASSERT
>87e4	05 67 43 4c 45 41 52			.text	5,$67,"CLEAR"          ; $84 CLEAR
>87eb	03 d7 45 4e 44				.text	3,$d7,"END"            ; $85 END
>87f0	04 3c 4c 49 53 54			.text	4,$3c,"LIST"           ; $86 LIST
>87f6	03 ea 4e 45 57				.text	3,$ea,"NEW"            ; $87 NEW
>87fb	07 24 52 45 53 54 4f 52			.text	7,$24,"RESTORE"        ; $88 RESTORE
>8803	45
>8804	03 f5 52 55 4e				.text	3,$f5,"RUN"            ; $89 RUN
>8809	04 46 53 54 4f 50			.text	4,$46,"STOP"           ; $8a STOP
>880f	ff					.text	$FF
.8810					KeywordSet2:
>8810	00 65					.text	0,$65,""               ; $80 !0:EOF
>8812	00 58					.text	0,$58,""               ; $81 !1:SH1
>8814	00 5a					.text	0,$5a,""               ; $82 !2:SH2
>8816	ff					.text	$FF

;******  Return to file: ./tokeniser/tokenise.asm

.8817					TokeniseLine:
.8817	20 9f 89	jsr $899f			jsr 	FixLineBufferCase 			; fix line case
.881a	a9 03		lda #$03			lda 	#3 							; reset the token buffer to empty
.881c	8d 06 07	sta $0706			sta 	tokenOffset
.881f	9c 07 07	stz $0707			stz 	tokenLineNumber
.8822	9c 08 07	stz $0708			stz 	tokenLineNumber+1
.8825	a2 ff		ldx #$ff			ldx 	#$FF
.8827					_TKFindFirst:
.8827	e8		inx				inx
.8828	bd 06 08	lda $0806,x			lda 	lineBuffer,x
.882b	f0 79		beq $88a6			beq 	_TKExit
.882d	c9 20		cmp #$20			cmp 	#' '
.882f	90 f6		bcc $8827			bcc 	_TKFindFirst
.8831	c9 30		cmp #$30			cmp 	#'0'
.8833	90 07		bcc $883c			bcc 	_TKNoLineNumber
.8835	c9 3a		cmp #$3a			cmp 	#'9'+1
.8837	b0 03		bcs $883c			bcs 	_TKNoLineNumber
.8839	20 c9 89	jsr $89c9			jsr 	TokeniseExtractLineNumber
.883c					_TKNoLineNumber:
.883c					_TKTokeniseLoop:
.883c	bd 06 08	lda $0806,x			lda 	lineBuffer,x 				; next character, exit if zero EOL.
.883f	f0 65		beq $88a6			beq 	_TKExit
.8841	e8		inx				inx
.8842	c9 20		cmp #$20			cmp 	#' '
.8844	f0 f6		beq $883c			beq 	_TKTokeniseLoop 			; keep looping if space found.
.8846	ca		dex				dex 								; undo last get, A contains character, X is position.
.8847	c9 5f		cmp #$5f			cmp 	#'_'						; _ A-Z is identifier *or* token
.8849	f0 61		beq $88ac			beq 	_TKTokeniseIdentifier
.884b	c9 41		cmp #$41			cmp 	#'A'
.884d	90 04		bcc $8853			bcc 	_TKTokenisePunctuation
.884f	c9 5b		cmp #$5b			cmp 	#'Z'+1
.8851	90 59		bcc $88ac			bcc 	_TKTokeniseIdentifier
.8853					_TKTokenisePunctuation:
.8853	c9 22		cmp #$22			cmp 	#'"'						; quoted string ?
.8855	f0 27		beq $887e			beq 	_TKString
.8857	c9 23		cmp #$23			cmp 	#'#'						; hexadecimal constant (# only appears at end of identifiers)
.8859	f0 28		beq $8883			beq 	_TKHexConstant
.885b	c9 3c		cmp #$3c			cmp 	#'<' 						; check for < > handlers.
.885d	f0 29		beq $8888			beq 	_TKCheckDouble
.885f	c9 3e		cmp #$3e			cmp 	#'>'
.8861	f0 25		beq $8888			beq 	_TKCheckDouble
.8863					_TKStandardPunctuation:
.8863	bd 06 08	lda $0806,x			lda 	lineBuffer,x 				; get it back.
.8866	c9 40		cmp #$40			cmp 	#64 						; are we >= 64
.8868	90 0e		bcc $8878			bcc 	_TKNoShift
.886a	48		pha				pha 								; save
.886b	29 07		and #$07			and 	#7 							; lower 3 bits in zTemp0
.886d	85 36		sta $36				sta 	zTemp0
.886f	68		pla				pla
.8870	29 20		and #$20			and 	#32 						; bit 5
.8872	4a		lsr a				lsr 	a 							; shift into bit 3
.8873	4a		lsr a				lsr 	a
.8874	05 36		ora $36				ora 	zTemp0
.8876	09 10		ora #$10			ora 	#$10						; now in the range 16-31
.8878					_TKNoShift:
.8878	20 0e 8a	jsr $8a0e			jsr 	TokeniseWriteByte 			; write the punctuation character
.887b	e8		inx				inx 								; consume the character
.887c	80 be		bra $883c			bra 	_TKTokeniseLoop 			; and loop round again.
.887e					_TKString:
.887e	20 2e 89	jsr $892e			jsr 	TokeniseString
.8881	80 b9		bra $883c			bra 	_TKTokeniseLoop
.8883					_TKHexConstant:
.8883	20 69 89	jsr $8969			jsr 	TokeniseHexConstant
.8886	80 b4		bra $883c			bra 	_TKTokeniseLoop
.8888					_TKCheckDouble:
.8888	bd 07 08	lda $0807,x			lda 	lineBuffer+1,x 				; get next character
.888b	c9 3c		cmp #$3c			cmp 	#'<'						; if not < = > which are ASCII consecutive go back
.888d	90 d4		bcc $8863			bcc 	_TKStandardPunctuation
.888f	c9 3f		cmp #$3f			cmp 	#'>'+1
.8891	b0 d0		bcs $8863			bcs 	_TKStandardPunctuation
.8893	bd 06 08	lda $0806,x			lda 	lineBuffer,x 				; this is < (60) or > (62)
.8896	29 02		and #$02			and 	#2 							; now < (0) or > (2)
.8898	0a		asl a				asl 	a 							; now < (0) or > (4), CC also
.8899	7d 07 08	adc $0807,x			adc 	lineBuffer+1,x 				; add < = > codes - < code
.889c	38		sec				sec
.889d	e9 3c		sbc #$3c			sbc 	#'<'
.889f	20 0e 8a	jsr $8a0e			jsr 	TokeniseWriteByte 			; this is in the range 0-7
.88a2	e8		inx				inx 								; consume both
.88a3	e8		inx				inx
.88a4	80 96		bra $883c			bra 	_TKTokeniseLoop
.88a6	a9 80		lda #$80	_TKExit:lda 	#KWC_EOL 					; write end of line byte
.88a8	20 0e 8a	jsr $8a0e			jsr 	TokeniseWriteByte
.88ab	60		rts				rts
.88ac					_TKTokeniseIdentifier:
.88ac	8e 00 07	stx $0700			stx 	identStart 					; save start
.88af	9c 04 07	stz $0704			stz 	identTypeByte 				; zero the type byte
.88b2					_TKCheckLoop:
.88b2	e8		inx				inx 								; look at next, we know first is identifier.
.88b3	bd 06 08	lda $0806,x			lda  	lineBuffer,x
.88b6	c9 5f		cmp #$5f			cmp 	#"_" 						; legal char _ 0-9 A-Z
.88b8	f0 f8		beq $88b2			beq 	_TKCheckLoop
.88ba	c9 30		cmp #$30			cmp	 	#"0"
.88bc	90 0c		bcc $88ca			bcc 	_TKEndIdentifier
.88be	c9 3a		cmp #$3a			cmp 	#"9"+1
.88c0	90 f0		bcc $88b2			bcc 	_TKCheckLoop
.88c2	c9 41		cmp #$41			cmp	 	#"A"
.88c4	90 04		bcc $88ca			bcc 	_TKEndIdentifier
.88c6	c9 5b		cmp #$5b			cmp 	#"Z"+1
.88c8	90 e8		bcc $88b2			bcc 	_TKCheckLoop
.88ca					_TKEndIdentifier:
.88ca	8e 01 07	stx $0701			stx 	identTypeStart 				; save start of type text (if any !)
.88cd	a0 08		ldy #$08			ldy 	#$08 						; this is the identifier type byte for #
.88cf	c9 23		cmp #$23			cmp 	#"#"						; followed by #
.88d1	f0 06		beq $88d9			beq 	_TKHasTypeCharacter
.88d3	a0 10		ldy #$10			ldy 	#$10 						; this is the identifier type byte for $
.88d5	c9 24		cmp #$24			cmp 	#"$"						; followed by $ or #
.88d7	d0 07		bne $88e0			bne 	_TKNoTypeCharacter
.88d9					_TKHasTypeCharacter:
.88d9	8c 04 07	sty $0704			sty 	identTypeByte 				; has # or $, save the type
.88dc	e8		inx				inx 								; read next
.88dd	bd 06 08	lda $0806,x			lda 	lineBuffer,x
.88e0					_TKNoTypeCharacter:
.88e0	c9 28		cmp #$28			cmp 	#"("						; is it open parenthesis (e.g. array)
.88e2	d0 09		bne $88ed			bne 	_TKNoArray
.88e4	e8		inx				inx 								; skip the (
.88e5	ad 04 07	lda $0704			lda 	identTypeByte 				; set bit 2 (e.g. array)
.88e8	09 04		ora #$04			ora 	#$04
.88ea	8d 04 07	sta $0704			sta 	identTypeByte
.88ed					_TKNoArray:
.88ed	8e 02 07	stx $0702			stx 	identTypeEnd 				; save end marker, e.g. continue from here.
.88f0	20 8a 89	jsr $898a			jsr 	TokeniseCalculateHash 		; calculate the has for those tokens
.88f3	a0 86		ldy #$86			ldy 	#(KeywordSet0) >> 8
.88f5	a9 b4		lda #$b4			lda 	#(KeywordSet0) & $FF
.88f7	20 5b 86	jsr $865b			jsr 	TokeniseSearchTable
.88fa	a2 00		ldx #$00			ldx 	#0
.88fc	b0 1f		bcs $891d			bcs 	_TKFoundToken
.88fe	a0 87		ldy #$87			ldy 	#(KeywordSet1) >> 8
.8900	a9 d6		lda #$d6			lda 	#(KeywordSet1) & $FF
.8902	20 5b 86	jsr $865b			jsr 	TokeniseSearchTable
.8905	a2 81		ldx #$81			ldx 	#$81
.8907	b0 14		bcs $891d			bcs 	_TKFoundToken
.8909	a0 87		ldy #$87			ldy 	#(KeywordSet1) >> 8
.890b	a9 d6		lda #$d6			lda 	#(KeywordSet1) & $FF
.890d	20 5b 86	jsr $865b			jsr 	TokeniseSearchTable
.8910	a2 82		ldx #$82			ldx 	#$82
.8912	b0 09		bcs $891d			bcs 	_TKFoundToken
.8914	20 1a 8a	jsr $8a1a			jsr 	CheckCreateVariableRecord 	; failed all, it's a variable, create record if does not exist.
.8917	ae 02 07	ldx $0702			ldx 	identTypeEnd 				; X points to following byte
.891a	4c 3c 88	jmp $883c			jmp 	_TKTokeniseLoop 			; and go round again.
.891d					_TKFoundToken:
.891d	48		pha				pha 								; save token
.891e	8a		txa				txa 								; shift in X, is there one ?
.891f	f0 03		beq $8924			beq 	_TKNoTShift
.8921	20 0e 8a	jsr $8a0e			jsr 	TokeniseWriteByte 			; if so, write it out
.8924					_TKNoTShift:
.8924	68		pla				pla 								; restore and write token
.8925	20 0e 8a	jsr $8a0e			jsr 	TokeniseWriteByte
.8928	ae 02 07	ldx $0702			ldx 	identTypeEnd 				; X points to following byte
.892b	4c 3c 88	jmp $883c			jmp 	_TKTokeniseLoop 			; and go round again.
.892e					TokeniseString:
.892e	a9 ff		lda #$ff			lda 	#KWC_STRING 				; string token.
.8930	20 0e 8a	jsr $8a0e			jsr 	TokeniseWriteByte
.8933	e8		inx				inx									; start of quoted string.
.8934	da		phx				phx 								; push start of string on top
.8935	ca		dex				dex
.8936					_TSFindEnd:
.8936	e8		inx				inx
.8937	bd 06 08	lda $0806,x			lda 	lineBuffer,x 				; next character
.893a	f0 04		beq $8940			beq 	_TSEndOfString
.893c	c9 22		cmp #$22			cmp 	#'"'
.893e	d0 f6		bne $8936			bne 	_TSFindEnd
.8940					_TSEndOfString:
.8940	7a		ply				ply  								; so now Y is first character, X is character after end.
.8941	48		pha				pha 								; save terminating character
.8942	20 4a 89	jsr $894a			jsr 	TOWriteBlockXY 				; write X to Y as a data block
.8945	68		pla				pla 								; terminating character
.8946	f0 01		beq $8949			beq 	_TSNotQuote					; if it wasn't EOS skip it
.8948	e8		inx				inx
.8949					_TSNotQuote:
.8949	60		rts				rts
.894a					TOWriteBlockXY:
.894a	86 36		stx $36				stx 	zTemp0 						; write end character
.894c	98		tya				tya
.894d	49 ff		eor #$ff			eor 	#$FF
.894f	38		sec				sec
.8950	65 36		adc $36				adc 	zTemp0
.8952	1a		inc a				inc 	a 							; one extra for NULL
.8953	20 0e 8a	jsr $8a0e			jsr 	TokeniseWriteByte
.8956					_TOBlockLoop:
.8956	c4 36		cpy $36				cpy 	zTemp0
.8958	f0 09		beq $8963			beq 	_TOBlockExit
.895a	b9 06 08	lda $0806,y			lda 	lineBuffer,y
.895d	20 0e 8a	jsr $8a0e			jsr 	TokeniseWriteByte
.8960	c8		iny				iny
.8961	80 f3		bra $8956			bra 	_TOBlockLoop
.8963					_TOBlockExit:
.8963	a9 00		lda #$00			lda 	#0
.8965	20 0e 8a	jsr $8a0e			jsr 	TokeniseWriteByte
.8968	60		rts				rts
.8969					TokeniseHexConstant:
.8969	a9 fe		lda #$fe			lda 	#KWC_HEXCONST 				; hex constant token.
.896b	20 0e 8a	jsr $8a0e			jsr 	TokeniseWriteByte
.896e	e8		inx				inx									; start of quoted string.
.896f	da		phx				phx 								; push start of constant on top
.8970	ca		dex				dex
.8971					_THFindLoop:
.8971	e8		inx				inx
.8972	bd 06 08	lda $0806,x			lda 	lineBuffer,x
.8975	c9 30		cmp #$30			cmp 	#"0"
.8977	90 0c		bcc $8985			bcc 	_THFoundEnd
.8979	c9 3a		cmp #$3a			cmp 	#"9"+1
.897b	90 f4		bcc $8971			bcc 	_THFindLoop
.897d	c9 41		cmp #$41			cmp 	#"A"
.897f	90 04		bcc $8985			bcc 	_THFoundEnd
.8981	c9 47		cmp #$47			cmp 	#"F"+1
.8983	90 ec		bcc $8971			bcc 	_THFindLoop
.8985					_THFoundEnd:
.8985	7a		ply				ply 								; restore start
.8986	20 4a 89	jsr $894a			jsr 	TOWriteBlockXY 				; output the block
.8989	60		rts				rts

;******  Return to file: _basic.asm


;******  Processing file: ./tokeniser/utility.asm

.898a					TokeniseCalculateHash:
.898a	da		phx				phx
.898b	ae 00 07	ldx $0700			ldx 	identStart 					; needs to be same as in tokens.py - simple sum
.898e	a9 00		lda #$00			lda 	#0
.8990					_TCHLoop:
.8990	18		clc				clc
.8991	7d 06 08	adc $0806,x			adc 	lineBuffer,x
.8994	e8		inx				inx
.8995	ec 02 07	cpx $0702			cpx 	identTypeEnd 				; do the whole thing including type and array markers.
.8998	d0 f6		bne $8990			bne 	_TCHLoop
.899a	8d 03 07	sta $0703			sta 	identHash 					; save the hash
.899d	fa		plx				plx
.899e	60		rts				rts
.899f					FixLineBufferCase:
.899f	a2 00		ldx #$00			ldx 	#0
.89a1					_FLBCLoop:
.89a1	bd 06 08	lda $0806,x			lda 	lineBuffer,x 				; get next character
.89a4	f0 22		beq $89c8			beq 	_FLBCExit 					; end of string.
.89a6	c9 22		cmp #$22			cmp 	#'"'						; quote, go to in quotes
.89a8	f0 11		beq $89bb			beq 	_FLBCInQuotes
.89aa	e8		inx				inx
.89ab	c9 61		cmp #$61			cmp 	#'a'						; needs capitalising ?
.89ad	90 f2		bcc $89a1			bcc 	_FLBCLoop
.89af	c9 7b		cmp #$7b			cmp 	#'z'+1
.89b1	b0 ee		bcs $89a1			bcs 	_FLBCLoop
.89b3	38		sec				sec 								; make U/C
.89b4	e9 20		sbc #$20			sbc 	#32
.89b6	9d 05 08	sta $0805,x			sta	 	lineBuffer-1,x 				; write back
.89b9	80 e6		bra $89a1			bra 	_FLBCLoop
.89bb					_FLBCInQuotes:
.89bb	e8		inx				inx 								; advance
.89bc	bd 06 08	lda $0806,x			lda 	lineBuffer,x 				; get next
.89bf	f0 07		beq $89c8			beq 	_FLBCExit 					; exit on EOS
.89c1	c9 22		cmp #$22			cmp 	#'"' 				 		; until " found
.89c3	d0 f6		bne $89bb			bne 	_FLBCInQuotes
.89c5	e8		inx				inx 								; skip over it
.89c6	80 d9		bra $89a1			bra 	_FLBCLoop
.89c8					_FLBCExit:
.89c8	60		rts				rts
.89c9					TokeniseExtractLineNumber:
.89c9	ad 08 07	lda $0708			lda 	tokenLineNumber+1 			; push current value on stack
.89cc	48		pha				pha
.89cd	ad 07 07	lda $0707			lda 	tokenLineNumber
.89d0	48		pha				pha
.89d1	20 07 8a	jsr $8a07			jsr 	_TELNTimes2 				; line # x 4
.89d4	20 07 8a	jsr $8a07			jsr 	_TELNTimes2 				; line # x 2
.89d7	18		clc				clc 								; add stacked value
.89d8	68		pla				pla
.89d9	6d 07 07	adc $0707			adc 	tokenLineNumber
.89dc	8d 07 07	sta $0707			sta 	tokenLineNumber
.89df	68		pla				pla
.89e0	6d 08 07	adc $0708			adc 	tokenLineNumber+1
.89e3	8d 08 07	sta $0708			sta 	tokenLineNumber+1 			; line # x 5
.89e6	20 07 8a	jsr $8a07			jsr 	_TELNTimes2 				; line # x 10
.89e9	bd 06 08	lda $0806,x			lda 	lineBuffer,x 				; get and consume character
.89ec	e8		inx				inx
.89ed	29 0f		and #$0f			and 	#15 						; add to line #
.89ef	18		clc				clc
.89f0	6d 07 07	adc $0707			adc 	tokenLineNumber
.89f3	8d 07 07	sta $0707			sta 	tokenLineNumber
.89f6	90 03		bcc $89fb			bcc 	_TLENNoCarry
.89f8	ee 08 07	inc $0708			inc 	tokenLineNumber+1
.89fb					_TLENNoCarry:
.89fb	bd 06 08	lda $0806,x			lda 	lineBuffer,x 				; more digits ?
.89fe	c9 30		cmp #$30			cmp 	#'0'
.8a00	90 04		bcc $8a06			bcc 	_TLENExit
.8a02	c9 3a		cmp #$3a			cmp 	#'9'+1
.8a04	90 c3		bcc $89c9			bcc 	TokeniseExtractLineNumber
.8a06					_TLENExit:
.8a06	60		rts				rts
.8a07					_TELNTimes2:
.8a07	0e 07 07	asl $0707			asl 	tokenLineNumber
.8a0a	2e 08 07	rol $0708			rol 	tokenLineNumber+1
.8a0d	60		rts				rts
.8a0e					TokeniseWriteByte:
.8a0e	da		phx				phx
.8a0f	ae 06 07	ldx $0706			ldx 	tokenOffset 				; next slot to write to
.8a12	9d 06 07	sta $0706,x			sta 	tokenOffset,x 				; write byte out
.8a15	ee 06 07	inc $0706			inc 	tokenOffset 				; advance slot.
.8a18	fa		plx				plx
.8a19	60		rts				rts

;******  Return to file: _basic.asm


;******  Processing file: ./tokeniser/variablerecord.asm

.8a1a					CheckCreateVariableRecord:
.8a1a	a9 00		lda #$00			lda 	#((VariableSpace) & $FF)
.8a1c	85 36		sta $36				sta 	0+zTemp0
.8a1e	a9 10		lda #$10			lda 	#((VariableSpace) >> 8)
.8a20	85 37		sta $37				sta 	1+zTemp0
.8a22	20 33 86	jsr $8633			jsr 	VariableOpen 				; make variable space available
.8a25					_CCVSearch:
.8a25	b2 36		lda ($36)			lda 	(zTemp0) 					; end of list
.8a27	f0 2c		beq $8a55			beq 	_CCVFail
.8a29	a0 01		ldy #$01			ldy 	#1 							; read the hash
.8a2b	b1 36		lda ($36),y			lda 	(zTemp0),y 					; does it match ?
.8a2d	cd 03 07	cmp $0703			cmp 	identHash
.8a30	d0 16		bne $8a48			bne 	_CCVNext
.8a32	a0 08		ldy #$08			ldy 	#8 							; name in variable record
.8a34	ae 00 07	ldx $0700			ldx 	identStart
.8a37					_CCVCompare:
.8a37	bd 06 08	lda $0806,x			lda 	lineBuffer,x 				; xor them. zero if the same, except
.8a3a	51 36		eor ($36),y			eor 	(zTemp0),y 					; bit 7 is used for EOS.
.8a3c	e8		inx				inx 								; advance pointers
.8a3d	c8		iny				iny
.8a3e	0a		asl a				asl 	a 							; A = 0 if they match, CS if end.
.8a3f	d0 07		bne $8a48			bne 	_CCVNext  					; didn't match go to next.
.8a41	90 f4		bcc $8a37			bcc 	_CCVCompare 				; not finished yet.
.8a43	ec 02 07	cpx $0702			cpx 	identTypeEnd 				; matched whole thing ?
.8a46	f0 41		beq $8a89			beq 	_CCVFound 					; yes, we were successful
.8a48					_CCVNext:
.8a48	18		clc				clc
.8a49	b2 36		lda ($36)			lda 	(zTemp0) 					; add offset to pointer
.8a4b	65 36		adc $36				adc 	zTemp0
.8a4d	85 36		sta $36				sta 	zTemp0
.8a4f	90 d4		bcc $8a25			bcc 	_CCVSearch
.8a51	e6 37		inc $37				inc 	zTemp0+1
.8a53	80 d0		bra $8a25			bra 	_CCVSearch
.8a55					_CCVFail:
.8a55	a0 01		ldy #$01			ldy 	#1 							; create the new record. Offset 1 is hash
.8a57	ad 03 07	lda $0703			lda 	identHash
.8a5a	91 36		sta ($36),y			sta 	(zTemp0),y
.8a5c	c8		iny				iny 								; offset 2 is the type byte
.8a5d	ad 04 07	lda $0704			lda 	identTypeByte
.8a60	91 36		sta ($36),y			sta 	(zTemp0),y
.8a62	c8		iny				iny
.8a63					_CCVData:
.8a63	a9 00		lda #$00			lda 	#0 							; erase data 3-7
.8a65	91 36		sta ($36),y			sta 	(zTemp0),y
.8a67	c8		iny				iny
.8a68	c0 08		cpy #$08			cpy 	#8
.8a6a	90 f7		bcc $8a63			bcc 	_CCVData
.8a6c	ae 00 07	ldx $0700			ldx 	identStart 					; copy name into 8 on.
.8a6f					_CCVCopyName:
.8a6f	bd 06 08	lda $0806,x			lda 	lineBuffer,x
.8a72	91 36		sta ($36),y			sta 	(zTemp0),y
.8a74	e8		inx				inx
.8a75	c8		iny				iny
.8a76	ec 02 07	cpx $0702			cpx 	identTypeEnd
.8a79	d0 f4		bne $8a6f			bne 	_CCVCopyName
.8a7b	98		tya				tya 								; patch offset
.8a7c	92 36		sta ($36)			sta 	(zTemp0)
.8a7e	a9 00		lda #$00			lda 	#0 							; offset for next is zero.
.8a80	91 36		sta ($36),y			sta 	(zTemp0),y
.8a82	88		dey				dey
.8a83	b1 36		lda ($36),y			lda 	(zTemp0),y 					; set bit 7 of last bit
.8a85	09 80		ora #$80			ora 	#$80
.8a87	91 36		sta ($36),y			sta 	(zTemp0),y
.8a89					_CCVFound:
.8a89	20 34 86	jsr $8634			jsr 	VariableClose 				; map out variables, perhaps.
.8a8c	a5 37		lda $37				lda 	zTemp0+1 					; write out MSB
.8a8e	38		sec				sec
.8a8f	e9 10		sbc #$10			sbc 	#(VariableSpace >> 8) 		; offset from the start
.8a91	09 40		ora #$40			ora 	#$40 						; make it a writeable token
.8a93	20 0e 8a	jsr $8a0e			jsr 	TokeniseWriteByte
.8a96	a5 36		lda $36				lda 	zTemp0 						; write out LSB
.8a98	20 0e 8a	jsr $8a0e			jsr 	TokeniseWriteByte
.8a9b	60		rts				rts

;******  Return to file: _basic.asm


;******  End of listing
