
; 64tass Turbo Assembler Macro V1.58.2974? listing file
; 64tass -q -b -Wall -C -c -L output/mcboot.lst -o output/mcboot.bin storage/mcboot.as
; Wed Jan 18 18:31:17 2023

;Offset	;Hex		;Monitor	;Source

;******  Processing input file: storage/mcboot.as

.2000	80 04		bra $2006		bra 	Start
>2002	42 54 36 35				.text 	"BT65"
.2006					Start:
.2006	a2 00		ldx #$00		ldx 	#0
.2008					Fill1:
.2008	a9 02		lda #$02		lda 	#2
.200a	85 01		sta $01			sta 	1
.200c	8a		txa			txa
.200d	9d 00 c0	sta $c000,x		sta 	$C000,x
.2010	a9 03		lda #$03		lda 	#3
.2012	85 01		sta $01			sta 	1
.2014	a9 f0		lda #$f0		lda 	#$F0
.2016	9d 00 c0	sta $c000,x		sta 	$C000,x
.2019	ca		dex			dex
.201a	d0 ec		bne $2008		bne 	Fill1
.201c	a9 02		lda #$02		lda 	#2
.201e	85 01		sta $01			sta 	1
.2020					Anim:
.2020	ee 00 c0	inc $c000		inc 	$C000
.2023	d0 fb		bne $2020		bne 	Anim
.2025	ee 01 c0	inc $c001		inc 	$C001
.2028	d0 f6		bne $2020		bne 	Anim
.202a	ee 02 c0	inc $c002		inc 	$C002
.202d	d0 f1		bne $2020		bne 	Anim
.202f	ee 03 c0	inc $c003		inc 	$C003
.2032	80 ec		bra $2020		bra 	Anim

;******  End of listing
