
; 64tass Turbo Assembler Macro V1.58.2974? listing file
; 64tass -q -b -Wall -C -c -L demo.lst -o demo.bin demo.asm
; Sun Jan 22 15:40:36 2023

;Offset	;Hex		;Monitor	;Source

;******  Processing input file: demo.asm

.2000	80 04		bra $2006		bra 	Start 							; jump round the marker
>2002	42 54 36 35				.text 	"BT65" 							; this marker identifies the code as runnable machine
.2006					Start:
.2006	a2 00		ldx #$00		ldx 	#0 								; Y is character, X is colour foreground/background
.2008	a0 00		ldy #$00		ldy 	#0
.200a					NewScreen:
.200a	a9 00		lda #$00		lda 	#0 								; $20 points to the screen
.200c	85 20		sta $20			sta 	$20
.200e	a9 c0		lda #$c0		lda 	#$C0
.2010	85 21		sta $21			sta 	$21
.2012					FillTop:
.2012	a9 02		lda #$02		lda 	#2 								; switch to I/O block 2 where the text memory is
.2014	85 01		sta $01			sta 	1
.2016	98		tya			tya 									; write character Y there.
.2017	91 20		sta ($20),y		sta 	($20),y
.2019	a9 03		lda #$03		lda 	#3 								; switch to I/O block 3 where the colour memory is
.201b	85 01		sta $01			sta 	1
.201d	8a		txa			txa 									; write colour X there
.201e	91 20		sta ($20),y		sta 	($20),y
.2020	a9 40		lda #$40		lda 	#64 							; changing this makes it go faster/slower.
.2022					SlowMe:
.2022	3a		dec a			dec 	a
.2023	d0 fd		bne $2022		bne 	SlowMe
.2025	88		dey			dey 									; do a page of 256 chars
.2026	d0 ea		bne $2012		bne 	FillTop
.2028	e6 21		inc $21			inc 	$21 							; next page
.202a	a5 21		lda $21			lda 	$21
.202c	c9 d2		cmp #$d2		cmp 	#$D2
.202e	d0 e2		bne $2012		bne 	FillTop 						; done most of the page, if not go back.
.2030	e8		inx			inx 									; next colour
.2031	80 d7		bra $200a		bra 	NewScreen

;******  End of listing
